Archive member included to satisfy reference by file (symbol)

/usr/lib/gcc/arm-none-eabi/8.3.1/thumb/v6-m/nofp/libgcc.a(_dvmd_tls.o)
                              CMakeFiles/script.dir/home/stamatisstamatelopoulos1/raspberry-pi-pico/pico/pico-sdk/src/rp2_common/pico_divider/divider.S.obj (__aeabi_idiv0)
/usr/lib/gcc/arm-none-eabi/8.3.1/../../../arm-none-eabi/lib/thumb/v6-m/nofp/libg.a(lib_a-atexit.o)
                              /usr/lib/gcc/arm-none-eabi/8.3.1/../../../arm-none-eabi/lib/thumb/v6-m/nofp/crt0.o (atexit)
/usr/lib/gcc/arm-none-eabi/8.3.1/../../../arm-none-eabi/lib/thumb/v6-m/nofp/libg.a(lib_a-calloc.o)
                              CMakeFiles/script.dir/home/stamatisstamatelopoulos1/raspberry-pi-pico/pico/pico-sdk/src/rp2_common/pico_malloc/pico_malloc.c.obj (calloc)
/usr/lib/gcc/arm-none-eabi/8.3.1/../../../arm-none-eabi/lib/thumb/v6-m/nofp/libg.a(lib_a-callocr.o)
                              /usr/lib/gcc/arm-none-eabi/8.3.1/../../../arm-none-eabi/lib/thumb/v6-m/nofp/libg.a(lib_a-calloc.o) (_calloc_r)
/usr/lib/gcc/arm-none-eabi/8.3.1/../../../arm-none-eabi/lib/thumb/v6-m/nofp/libg.a(lib_a-fini.o)
                              /usr/lib/gcc/arm-none-eabi/8.3.1/../../../arm-none-eabi/lib/thumb/v6-m/nofp/crt0.o (__libc_fini_array)
/usr/lib/gcc/arm-none-eabi/8.3.1/../../../arm-none-eabi/lib/thumb/v6-m/nofp/libg.a(lib_a-impure.o)
                              /usr/lib/gcc/arm-none-eabi/8.3.1/../../../arm-none-eabi/lib/thumb/v6-m/nofp/libg.a(lib_a-calloc.o) (_impure_ptr)
/usr/lib/gcc/arm-none-eabi/8.3.1/../../../arm-none-eabi/lib/thumb/v6-m/nofp/libg.a(lib_a-init.o)
                              /usr/lib/gcc/arm-none-eabi/8.3.1/../../../arm-none-eabi/lib/thumb/v6-m/nofp/crt0.o (__libc_init_array)
/usr/lib/gcc/arm-none-eabi/8.3.1/../../../arm-none-eabi/lib/thumb/v6-m/nofp/libg.a(lib_a-malloc.o)
                              CMakeFiles/script.dir/home/stamatisstamatelopoulos1/raspberry-pi-pico/pico/pico-sdk/src/rp2_common/pico_malloc/pico_malloc.c.obj (malloc)
/usr/lib/gcc/arm-none-eabi/8.3.1/../../../arm-none-eabi/lib/thumb/v6-m/nofp/libg.a(lib_a-mallocr.o)
                              /usr/lib/gcc/arm-none-eabi/8.3.1/../../../arm-none-eabi/lib/thumb/v6-m/nofp/libg.a(lib_a-callocr.o) (_malloc_r)
/usr/lib/gcc/arm-none-eabi/8.3.1/../../../arm-none-eabi/lib/thumb/v6-m/nofp/libg.a(lib_a-mlock.o)
                              /usr/lib/gcc/arm-none-eabi/8.3.1/../../../arm-none-eabi/lib/thumb/v6-m/nofp/libg.a(lib_a-mallocr.o) (__malloc_lock)
/usr/lib/gcc/arm-none-eabi/8.3.1/../../../arm-none-eabi/lib/thumb/v6-m/nofp/libg.a(lib_a-realloc.o)
                              CMakeFiles/script.dir/home/stamatisstamatelopoulos1/raspberry-pi-pico/pico/pico-sdk/src/rp2_common/pico_malloc/pico_malloc.c.obj (realloc)
/usr/lib/gcc/arm-none-eabi/8.3.1/../../../arm-none-eabi/lib/thumb/v6-m/nofp/libg.a(lib_a-reallocr.o)
                              /usr/lib/gcc/arm-none-eabi/8.3.1/../../../arm-none-eabi/lib/thumb/v6-m/nofp/libg.a(lib_a-realloc.o) (_realloc_r)
/usr/lib/gcc/arm-none-eabi/8.3.1/../../../arm-none-eabi/lib/thumb/v6-m/nofp/libg.a(lib_a-sbrkr.o)
                              /usr/lib/gcc/arm-none-eabi/8.3.1/../../../arm-none-eabi/lib/thumb/v6-m/nofp/libg.a(lib_a-mallocr.o) (_sbrk_r)
/usr/lib/gcc/arm-none-eabi/8.3.1/../../../arm-none-eabi/lib/thumb/v6-m/nofp/libg.a(lib_a-strlen-stub.o)
                              CMakeFiles/script.dir/home/stamatisstamatelopoulos1/raspberry-pi-pico/pico/pico-sdk/src/rp2_common/pico_stdio/stdio.c.obj (strlen)
/usr/lib/gcc/arm-none-eabi/8.3.1/../../../arm-none-eabi/lib/thumb/v6-m/nofp/libg.a(lib_a-__atexit.o)
                              /usr/lib/gcc/arm-none-eabi/8.3.1/../../../arm-none-eabi/lib/thumb/v6-m/nofp/libg.a(lib_a-atexit.o) (__register_exitproc)
/usr/lib/gcc/arm-none-eabi/8.3.1/../../../arm-none-eabi/lib/thumb/v6-m/nofp/libg.a(lib_a-freer.o)
                              /usr/lib/gcc/arm-none-eabi/8.3.1/../../../arm-none-eabi/lib/thumb/v6-m/nofp/libg.a(lib_a-malloc.o) (_free_r)
/usr/lib/gcc/arm-none-eabi/8.3.1/../../../arm-none-eabi/lib/thumb/v6-m/nofp/libg.a(lib_a-memmove.o)
                              /usr/lib/gcc/arm-none-eabi/8.3.1/../../../arm-none-eabi/lib/thumb/v6-m/nofp/libg.a(lib_a-reallocr.o) (memmove)
/usr/lib/gcc/arm-none-eabi/8.3.1/../../../arm-none-eabi/lib/thumb/v6-m/nofp/libg.a(lib_a-reent.o)
                              /usr/lib/gcc/arm-none-eabi/8.3.1/../../../arm-none-eabi/lib/thumb/v6-m/nofp/libg.a(lib_a-sbrkr.o) (errno)

Allocating common symbols
Common symbol       size              file

sf_table            0x100             CMakeFiles/script.dir/home/stamatisstamatelopoulos1/raspberry-pi-pico/pico/pico-sdk/src/rp2_common/pico_float/float_init_rom.c.obj
errno               0x4               /usr/lib/gcc/arm-none-eabi/8.3.1/../../../arm-none-eabi/lib/thumb/v6-m/nofp/libg.a(lib_a-reent.o)
[...]
Memory Configuration

Name             Origin             Length             Attributes
FLASH            0x0000000010000000 0x0000000000200000 xr
RAM              0x0000000020000000 0x0000000000040000 xrw
SCRATCH_X        0x0000000020040000 0x0000000000001000 xrw
SCRATCH_Y        0x0000000020041000 0x0000000000001000 xrw
*default*        0x0000000000000000 0xffffffffffffffff

Linker script and memory map

LOAD /usr/lib/gcc/arm-none-eabi/8.3.1/thumb/v6-m/nofp/crti.o
LOAD /usr/lib/gcc/arm-none-eabi/8.3.1/thumb/v6-m/nofp/crtbegin.o
LOAD /usr/lib/gcc/arm-none-eabi/8.3.1/../../../arm-none-eabi/lib/thumb/v6-m/nofp/crt0.o

.flash_begin    0x0000000010000000        0x0
                0x0000000010000000                __flash_binary_start = .

.boot2          0x0000000010000000      0x100
                0x0000000010000000                __boot2_start__ = .
 *(.boot2)
 .boot2         0x0000000010000000      0x100 /tmp/ccHoQTAa.o
                0x0000000010000100                __boot2_end__ = .
                0x0000000000000001                ASSERT (((__boot2_end__ - __boot2_start__) == 0x100), ERROR: Pico second stage bootloader must be 256 bytes in size)

.text           0x0000000010000100     0x4070
                0x0000000010000100                __logical_binary_start = .
 *(.vectors)
 .vectors       0x0000000010000100       0xd4 CMakeFiles/script.dir/home/stamatisstamatelopoulos1/raspberry-pi-pico/pico/pico-sdk/src/rp2_common/pico_standard_link/crt0.S.obj
                0x0000000010000100                __vectors
                0x0000000010000100                __VECTOR_TABLE
                0x00000000100001c0                isr_invalid
                0x00000000100001c0                __default_isrs_start
                0x00000000100001c2                isr_nmi
                0x00000000100001c4                isr_hardfault
                0x00000000100001c6                isr_svcall
                0x00000000100001c8                isr_pendsv
                0x00000000100001ca                isr_systick
                0x00000000100001cc                isr_irq30
                0x00000000100001cc                __unhandled_user_irq
                0x00000000100001cc                isr_irq13
                0x00000000100001cc                isr_irq27
                0x00000000100001cc                isr_irq31
                0x00000000100001cc                isr_irq5
                0x00000000100001cc                isr_irq11
                0x00000000100001cc                isr_irq23
                0x00000000100001cc                isr_irq18
                0x00000000100001cc                isr_irq28
                0x00000000100001cc                isr_irq19
                0x00000000100001cc                isr_irq0
                0x00000000100001cc                isr_irq6
                0x00000000100001cc                isr_irq22
                0x00000000100001cc                isr_irq17
                0x00000000100001cc                isr_irq14
                0x00000000100001cc                isr_irq2
                0x00000000100001cc                isr_irq10
                0x00000000100001cc                isr_irq8
                0x00000000100001cc                isr_irq24
                0x00000000100001cc                isr_irq1
                0x00000000100001cc                isr_irq7
                0x00000000100001cc                isr_irq21
                0x00000000100001cc                isr_irq20
                0x00000000100001cc                isr_irq15
                0x00000000100001cc                isr_irq25
                0x00000000100001cc                isr_irq4
                0x00000000100001cc                isr_irq16
                0x00000000100001cc                isr_irq29
                0x00000000100001cc                isr_irq26
                0x00000000100001cc                __default_isrs_end
                0x00000000100001cc                isr_irq3
                0x00000000100001cc                isr_irq12
                0x00000000100001cc                isr_irq9
                0x00000000100001d2                unhandled_user_irq_num_in_r0
 *(.binary_info_header)
 .binary_info_header
                0x00000000100001d4       0x14 CMakeFiles/script.dir/home/stamatisstamatelopoulos1/raspberry-pi-pico/pico/pico-sdk/src/rp2_common/pico_standard_link/crt0.S.obj
                0x00000000100001e8                __binary_info_header_end = .
 *(.reset)
 .reset         0x00000000100001e8       0xa0 CMakeFiles/script.dir/home/stamatisstamatelopoulos1/raspberry-pi-pico/pico/pico-sdk/src/rp2_common/pico_standard_link/crt0.S.obj
                0x00000000100001e8                _entry_point
 .reset         0x0000000010000288       0x30 CMakeFiles/script.dir/home/stamatisstamatelopoulos1/raspberry-pi-pico/pico/pico-sdk/src/rp2_common/pico_standard_link/binary_info.c.obj
 *(.init)
 .init          0x00000000100002b8        0x4 /usr/lib/gcc/arm-none-eabi/8.3.1/thumb/v6-m/nofp/crti.o
                0x00000000100002b8                _init
 *(EXCLUDE_FILE(*libm.a: *libc.a:*lib_a-mem*.o *libgcc.a:) .text*)
 .text          0x00000000100002bc       0x98 /usr/lib/gcc/arm-none-eabi/8.3.1/thumb/v6-m/nofp/crtbegin.o
 .text._Z11set_voltageid
                0x0000000010000354       0xa0 CMakeFiles/script.dir/script.cpp.obj
                0x0000000010000354                set_voltage(int, double)
 .text.main     0x00000000100003f4       0x28 CMakeFiles/script.dir/script.cpp.obj
                0x00000000100003f4                main
 .text.gpio_set_function
                0x000000001000041c       0x30 CMakeFiles/script.dir/home/stamatisstamatelopoulos1/raspberry-pi-pico/pico/pico-sdk/src/rp2_common/hardware_gpio/gpio.c.obj
                0x000000001000041c                gpio_set_function
 .text.gpio_init
                0x000000001000044c       0x16 CMakeFiles/script.dir/home/stamatisstamatelopoulos1/raspberry-pi-pico/pico/pico-sdk/src/rp2_common/hardware_gpio/gpio.c.obj
                0x000000001000044c                gpio_init
 *fill*         0x0000000010000462        0x2 
 .text.running_on_fpga
                0x0000000010000464       0x14 CMakeFiles/script.dir/home/stamatisstamatelopoulos1/raspberry-pi-pico/pico/pico-sdk/src/rp2_common/pico_platform/platform.c.obj
                0x0000000010000464                running_on_fpga
 .text.hw_claim_lock
                0x0000000010000478       0x18 CMakeFiles/script.dir/home/stamatisstamatelopoulos1/raspberry-pi-pico/pico/pico-sdk/src/rp2_common/hardware_claim/claim.c.obj
                0x0000000010000478                hw_claim_lock
 .text.hw_claim_unlock
                0x0000000010000490       0x14 CMakeFiles/script.dir/home/stamatisstamatelopoulos1/raspberry-pi-pico/pico/pico-sdk/src/rp2_common/hardware_claim/claim.c.obj
                0x0000000010000490                hw_claim_unlock
 .text.hw_claim_or_assert
                0x00000000100004a4       0x32 CMakeFiles/script.dir/home/stamatisstamatelopoulos1/raspberry-pi-pico/pico/pico-sdk/src/rp2_common/hardware_claim/claim.c.obj
                0x00000000100004a4                hw_claim_or_assert
 *fill*         0x00000000100004d6        0x2 
 .text.spin_locks_reset
                0x00000000100004d8       0x20 CMakeFiles/script.dir/home/stamatisstamatelopoulos1/raspberry-pi-pico/pico/pico-sdk/src/rp2_common/hardware_sync/sync.c.obj
                0x00000000100004d8                spin_locks_reset
 .text.next_striped_spin_lock_num
                0x00000000100004f8       0x1c CMakeFiles/script.dir/home/stamatisstamatelopoulos1/raspberry-pi-pico/pico/pico-sdk/src/rp2_common/hardware_sync/sync.c.obj
                0x00000000100004f8                next_striped_spin_lock_num
 .text.set_raw_irq_handler_and_unlock
                0x0000000010000514       0x28 CMakeFiles/script.dir/home/stamatisstamatelopoulos1/raspberry-pi-pico/pico/pico-sdk/src/rp2_common/hardware_irq/irq.c.obj
 .text.make_branch
                0x000000001000053c       0x48 CMakeFiles/script.dir/home/stamatisstamatelopoulos1/raspberry-pi-pico/pico/pico-sdk/src/rp2_common/hardware_irq/irq.c.obj
 .text.insert_branch_and_link
                0x0000000010000584       0x40 CMakeFiles/script.dir/home/stamatisstamatelopoulos1/raspberry-pi-pico/pico/pico-sdk/src/rp2_common/hardware_irq/irq.c.obj
 .text.irq_is_enabled
                0x00000000100005c4       0x18 CMakeFiles/script.dir/home/stamatisstamatelopoulos1/raspberry-pi-pico/pico/pico-sdk/src/rp2_common/hardware_irq/irq.c.obj
                0x00000000100005c4                irq_is_enabled
 .text.irq_set_mask_enabled
                0x00000000100005dc       0x20 CMakeFiles/script.dir/home/stamatisstamatelopoulos1/raspberry-pi-pico/pico/pico-sdk/src/rp2_common/hardware_irq/irq.c.obj
                0x00000000100005dc                irq_set_mask_enabled
 .text.irq_set_enabled
                0x00000000100005fc        0xe CMakeFiles/script.dir/home/stamatisstamatelopoulos1/raspberry-pi-pico/pico/pico-sdk/src/rp2_common/hardware_irq/irq.c.obj
                0x00000000100005fc                irq_set_enabled
 *fill*         0x000000001000060a        0x2 
 .text.irq_get_vtable_handler
                0x000000001000060c       0x10 CMakeFiles/script.dir/home/stamatisstamatelopoulos1/raspberry-pi-pico/pico/pico-sdk/src/rp2_common/hardware_irq/irq.c.obj
                0x000000001000060c                irq_get_vtable_handler
 .text.irq_set_exclusive_handler
                0x000000001000061c       0x54 CMakeFiles/script.dir/home/stamatisstamatelopoulos1/raspberry-pi-pico/pico/pico-sdk/src/rp2_common/hardware_irq/irq.c.obj
                0x000000001000061c                irq_set_exclusive_handler
 .text.irq_remove_handler
                0x0000000010000670      0x1a4 CMakeFiles/script.dir/home/stamatisstamatelopoulos1/raspberry-pi-pico/pico/pico-sdk/src/rp2_common/hardware_irq/irq.c.obj
                0x0000000010000670                irq_remove_handler
 .text.irq_add_tail_to_free_list
                0x0000000010000814       0xf0 CMakeFiles/script.dir/home/stamatisstamatelopoulos1/raspberry-pi-pico/pico/pico-sdk/src/rp2_common/hardware_irq/irq.c.obj
                0x0000000010000814                irq_add_tail_to_free_list
 .text.irq_init_priorities
                0x0000000010000904       0x1c CMakeFiles/script.dir/home/stamatisstamatelopoulos1/raspberry-pi-pico/pico/pico-sdk/src/rp2_common/hardware_irq/irq.c.obj
                0x0000000010000904                irq_init_priorities
 .text.lock_init
                0x0000000010000920       0x10 CMakeFiles/script.dir/home/stamatisstamatelopoulos1/raspberry-pi-pico/pico/pico-sdk/src/common/pico_sync/lock_core.c.obj
                0x0000000010000920                lock_init
 .text.mutex_init
                0x0000000010000930       0x1a CMakeFiles/script.dir/home/stamatisstamatelopoulos1/raspberry-pi-pico/pico/pico-sdk/src/common/pico_sync/mutex.c.obj
                0x0000000010000930                mutex_init
 .text.recursive_mutex_init
                0x000000001000094a       0x1e CMakeFiles/script.dir/home/stamatisstamatelopoulos1/raspberry-pi-pico/pico/pico-sdk/src/common/pico_sync/mutex.c.obj
                0x000000001000094a                recursive_mutex_init
 .text.sleep_until_callback
                0x0000000010000968       0x30 CMakeFiles/script.dir/home/stamatisstamatelopoulos1/raspberry-pi-pico/pico/pico-sdk/src/common/pico_time/time.c.obj
 .text.alarm_pool_post_alloc_init
                0x0000000010000998       0x40 CMakeFiles/script.dir/home/stamatisstamatelopoulos1/raspberry-pi-pico/pico/pico-sdk/src/common/pico_time/time.c.obj
 .text.timer_pool_entry_comparator
                0x00000000100009d8       0x7c CMakeFiles/script.dir/home/stamatisstamatelopoulos1/raspberry-pi-pico/pico/pico-sdk/src/common/pico_time/time.c.obj
                0x00000000100009d8                timer_pool_entry_comparator
 .text.ph_add_child_node
                0x0000000010000a54       0xa4 CMakeFiles/script.dir/home/stamatisstamatelopoulos1/raspberry-pi-pico/pico/pico-sdk/src/common/pico_time/time.c.obj
 .text.ph_merge_nodes
                0x0000000010000af8       0x3e CMakeFiles/script.dir/home/stamatisstamatelopoulos1/raspberry-pi-pico/pico/pico-sdk/src/common/pico_time/time.c.obj
 *fill*         0x0000000010000b36        0x2 
 .text.add_alarm_under_lock
                0x0000000010000b38      0x180 CMakeFiles/script.dir/home/stamatisstamatelopoulos1/raspberry-pi-pico/pico/pico-sdk/src/common/pico_time/time.c.obj
 .text.alarm_pool_alarm_callback
                0x0000000010000cb8      0x33c CMakeFiles/script.dir/home/stamatisstamatelopoulos1/raspberry-pi-pico/pico/pico-sdk/src/common/pico_time/time.c.obj
 .text.alarm_pool_init_default
                0x0000000010000ff4       0x40 CMakeFiles/script.dir/home/stamatisstamatelopoulos1/raspberry-pi-pico/pico/pico-sdk/src/common/pico_time/time.c.obj
                0x0000000010000ff4                alarm_pool_init_default
 .text.alarm_pool_get_default
                0x0000000010001034       0x2c CMakeFiles/script.dir/home/stamatisstamatelopoulos1/raspberry-pi-pico/pico/pico-sdk/src/common/pico_time/time.c.obj
                0x0000000010001034                alarm_pool_get_default
 .text.alarm_pool_add_alarm_at
                0x0000000010001060      0x14c CMakeFiles/script.dir/home/stamatisstamatelopoulos1/raspberry-pi-pico/pico/pico-sdk/src/common/pico_time/time.c.obj
                0x0000000010001060                alarm_pool_add_alarm_at
 .text.alarm_pool_cancel_alarm
                0x00000000100011ac       0xec CMakeFiles/script.dir/home/stamatisstamatelopoulos1/raspberry-pi-pico/pico/pico-sdk/src/common/pico_time/time.c.obj
                0x00000000100011ac                alarm_pool_cancel_alarm
 .text.best_effort_wfe_or_timeout
                0x0000000010001298       0xac CMakeFiles/script.dir/home/stamatisstamatelopoulos1/raspberry-pi-pico/pico/pico-sdk/src/common/pico_time/time.c.obj
                0x0000000010001298                best_effort_wfe_or_timeout
 .text.hardware_alarm_irq_handler
                0x0000000010001344       0x90 CMakeFiles/script.dir/home/stamatisstamatelopoulos1/raspberry-pi-pico/pico/pico-sdk/src/rp2_common/hardware_timer/timer.c.obj
 .text.hardware_alarm_claim
                0x00000000100013d4       0x18 CMakeFiles/script.dir/home/stamatisstamatelopoulos1/raspberry-pi-pico/pico/pico-sdk/src/rp2_common/hardware_timer/timer.c.obj
                0x00000000100013d4                hardware_alarm_claim
 .text.time_us_64
                0x00000000100013ec       0x18 CMakeFiles/script.dir/home/stamatisstamatelopoulos1/raspberry-pi-pico/pico/pico-sdk/src/rp2_common/hardware_timer/timer.c.obj
                0x00000000100013ec                time_us_64
 .text.hardware_alarm_set_callback
                0x0000000010001404       0x90 CMakeFiles/script.dir/home/stamatisstamatelopoulos1/raspberry-pi-pico/pico/pico-sdk/src/rp2_common/hardware_timer/timer.c.obj
                0x0000000010001404                hardware_alarm_set_callback
 .text.hardware_alarm_set_target
                0x0000000010001494       0xe8 CMakeFiles/script.dir/home/stamatisstamatelopoulos1/raspberry-pi-pico/pico/pico-sdk/src/rp2_common/hardware_timer/timer.c.obj
                0x0000000010001494                hardware_alarm_set_target
 .text.hardware_alarm_cancel
                0x000000001000157c       0x40 CMakeFiles/script.dir/home/stamatisstamatelopoulos1/raspberry-pi-pico/pico/pico-sdk/src/rp2_common/hardware_timer/timer.c.obj
                0x000000001000157c                hardware_alarm_cancel
 .text.ph_add_child_node
                0x00000000100015bc       0xa4 CMakeFiles/script.dir/home/stamatisstamatelopoulos1/raspberry-pi-pico/pico/pico-sdk/src/common/pico_util/pheap.c.obj
 .text.ph_merge_nodes
                0x0000000010001660       0x3e CMakeFiles/script.dir/home/stamatisstamatelopoulos1/raspberry-pi-pico/pico/pico-sdk/src/common/pico_util/pheap.c.obj
 *fill*         0x000000001000169e        0x2 
 .text.ph_clear
                0x00000000100016a0       0x70 CMakeFiles/script.dir/home/stamatisstamatelopoulos1/raspberry-pi-pico/pico/pico-sdk/src/common/pico_util/pheap.c.obj
                0x00000000100016a0                ph_clear
 .text.ph_post_alloc_init
                0x0000000010001710        0xe CMakeFiles/script.dir/home/stamatisstamatelopoulos1/raspberry-pi-pico/pico/pico-sdk/src/common/pico_util/pheap.c.obj
                0x0000000010001710                ph_post_alloc_init
 *fill*         0x000000001000171e        0x2 
 .text.ph_merge_two_pass
                0x0000000010001720       0xac CMakeFiles/script.dir/home/stamatisstamatelopoulos1/raspberry-pi-pico/pico/pico-sdk/src/common/pico_util/pheap.c.obj
                0x0000000010001720                ph_merge_two_pass
 .text.ph_remove_any_head
                0x00000000100017cc      0x128 CMakeFiles/script.dir/home/stamatisstamatelopoulos1/raspberry-pi-pico/pico/pico-sdk/src/common/pico_util/pheap.c.obj
 .text.ph_remove_head
                0x00000000100018f4       0x14 CMakeFiles/script.dir/home/stamatisstamatelopoulos1/raspberry-pi-pico/pico/pico-sdk/src/common/pico_util/pheap.c.obj
                0x00000000100018f4                ph_remove_head
 .text.ph_remove_and_free_node
                0x0000000010001908       0xf8 CMakeFiles/script.dir/home/stamatisstamatelopoulos1/raspberry-pi-pico/pico/pico-sdk/src/common/pico_util/pheap.c.obj
                0x0000000010001908                ph_remove_and_free_node
 .text.clock_configure
                0x0000000010001a00       0xfc CMakeFiles/script.dir/home/stamatisstamatelopoulos1/raspberry-pi-pico/pico/pico-sdk/src/rp2_common/hardware_clocks/clocks.c.obj
                0x0000000010001a00                clock_configure
 .text.clocks_init
                0x0000000010001afc      0x100 CMakeFiles/script.dir/home/stamatisstamatelopoulos1/raspberry-pi-pico/pico/pico-sdk/src/rp2_common/hardware_clocks/clocks.c.obj
                0x0000000010001afc                clocks_init
 .text.pll_init
                0x0000000010001bfc      0x128 CMakeFiles/script.dir/home/stamatisstamatelopoulos1/raspberry-pi-pico/pico/pico-sdk/src/rp2_common/hardware_pll/pll.c.obj
                0x0000000010001bfc                pll_init
 .text.watchdog_start_tick
                0x0000000010001d24       0x10 CMakeFiles/script.dir/home/stamatisstamatelopoulos1/raspberry-pi-pico/pico/pico-sdk/src/rp2_common/hardware_watchdog/watchdog.c.obj
                0x0000000010001d24                watchdog_start_tick
 .text.xosc_init
                0x0000000010001d34       0x28 CMakeFiles/script.dir/home/stamatisstamatelopoulos1/raspberry-pi-pico/pico/pico-sdk/src/rp2_common/hardware_xosc/xosc.c.obj
                0x0000000010001d34                xosc_init
 .text._exit    0x0000000010001d5c        0x4 CMakeFiles/script.dir/home/stamatisstamatelopoulos1/raspberry-pi-pico/pico/pico-sdk/src/rp2_common/pico_runtime/runtime.c.obj
                0x0000000010001d5c                _exit
 .text.exit     0x0000000010001d60        0x6 CMakeFiles/script.dir/home/stamatisstamatelopoulos1/raspberry-pi-pico/pico/pico-sdk/src/rp2_common/pico_runtime/runtime.c.obj
                0x0000000010001d60                exit
 *fill*         0x0000000010001d66        0x2 
 .text.__assert_func
                0x0000000010001d68       0x3c CMakeFiles/script.dir/home/stamatisstamatelopoulos1/raspberry-pi-pico/pico/pico-sdk/src/rp2_common/pico_runtime/runtime.c.obj
                0x0000000010001d68                __assert_func
 .text.runtime_init
                0x0000000010001da4       0xf8 CMakeFiles/script.dir/home/stamatisstamatelopoulos1/raspberry-pi-pico/pico/pico-sdk/src/rp2_common/pico_runtime/runtime.c.obj
                0x0000000010001da4                runtime_init
 .text.panic    0x0000000010001e9c       0x30 CMakeFiles/script.dir/home/stamatisstamatelopoulos1/raspberry-pi-pico/pico/pico-sdk/src/rp2_common/pico_runtime/runtime.c.obj
                0x0000000010001e9c                panic
 .text._out_null
                0x0000000010001ecc        0x2 CMakeFiles/script.dir/home/stamatisstamatelopoulos1/raspberry-pi-pico/pico/pico-sdk/src/rp2_common/pico_printf/printf.c.obj
 .text._out_fct
                0x0000000010001ece        0xe CMakeFiles/script.dir/home/stamatisstamatelopoulos1/raspberry-pi-pico/pico/pico-sdk/src/rp2_common/pico_printf/printf.c.obj
 .text._atoi    0x0000000010001edc       0x28 CMakeFiles/script.dir/home/stamatisstamatelopoulos1/raspberry-pi-pico/pico/pico-sdk/src/rp2_common/pico_printf/printf.c.obj
 .text._out_rev
                0x0000000010001f04       0x8c CMakeFiles/script.dir/home/stamatisstamatelopoulos1/raspberry-pi-pico/pico/pico-sdk/src/rp2_common/pico_printf/printf.c.obj
 .text._ntoa_format
                0x0000000010001f90      0x10c CMakeFiles/script.dir/home/stamatisstamatelopoulos1/raspberry-pi-pico/pico/pico-sdk/src/rp2_common/pico_printf/printf.c.obj
 .text._ntoa_long
                0x000000001000209c       0xb0 CMakeFiles/script.dir/home/stamatisstamatelopoulos1/raspberry-pi-pico/pico/pico-sdk/src/rp2_common/pico_printf/printf.c.obj
 .text._ntoa_long_long
                0x000000001000214c       0xe6 CMakeFiles/script.dir/home/stamatisstamatelopoulos1/raspberry-pi-pico/pico/pico-sdk/src/rp2_common/pico_printf/printf.c.obj
 *fill*         0x0000000010002232        0x2 
 .text._etoa    0x0000000010002234      0x408 CMakeFiles/script.dir/home/stamatisstamatelopoulos1/raspberry-pi-pico/pico/pico-sdk/src/rp2_common/pico_printf/printf.c.obj
 .text._ftoa    0x000000001000263c      0x344 CMakeFiles/script.dir/home/stamatisstamatelopoulos1/raspberry-pi-pico/pico/pico-sdk/src/rp2_common/pico_printf/printf.c.obj
 .text._vsnprintf
                0x0000000010002980      0x61c CMakeFiles/script.dir/home/stamatisstamatelopoulos1/raspberry-pi-pico/pico/pico-sdk/src/rp2_common/pico_printf/printf.c.obj
 .text.vfctprintf
                0x0000000010002f9c       0x20 CMakeFiles/script.dir/home/stamatisstamatelopoulos1/raspberry-pi-pico/pico/pico-sdk/src/rp2_common/pico_printf/printf.c.obj
                0x0000000010002f9c                vfctprintf
 .text          0x0000000010002fbc       0x10 CMakeFiles/script.dir/home/stamatisstamatelopoulos1/raspberry-pi-pico/pico/pico-sdk/src/rp2_common/pico_bit_ops/bit_ops_aeabi.S.obj
 .text.rom_func_lookup
                0x0000000010002fcc       0x10 CMakeFiles/script.dir/home/stamatisstamatelopoulos1/raspberry-pi-pico/pico/pico-sdk/src/rp2_common/pico_bootrom/bootrom.c.obj
                0x0000000010002fcc                rom_func_lookup
 .text.rom_data_lookup
                0x0000000010002fdc       0x10 CMakeFiles/script.dir/home/stamatisstamatelopoulos1/raspberry-pi-pico/pico/pico-sdk/src/rp2_common/pico_bootrom/bootrom.c.obj
                0x0000000010002fdc                rom_data_lookup
 .text.rom_funcs_lookup
                0x0000000010002fec       0x36 CMakeFiles/script.dir/home/stamatisstamatelopoulos1/raspberry-pi-pico/pico/pico-sdk/src/rp2_common/pico_bootrom/bootrom.c.obj
                0x0000000010002fec                rom_funcs_lookup
 *fill*         0x0000000010003022        0x2 
 .text.__wrap___aeabi_idiv
                0x0000000010003024       0x50 CMakeFiles/script.dir/home/stamatisstamatelopoulos1/raspberry-pi-pico/pico/pico-sdk/src/rp2_common/pico_divider/divider.S.obj
                0x0000000010003024                __wrap___aeabi_idivmod
                0x0000000010003024                divmod_s32s32
                0x0000000010003024                div_s32s32
                0x0000000010003024                __wrap___aeabi_idiv
                0x000000001000302c                divmod_s32s32_unsafe
                0x0000000010003058                divmod_s32s32_savestate
 .text.__wrap___aeabi_uidiv
                0x0000000010003074       0x4c CMakeFiles/script.dir/home/stamatisstamatelopoulos1/raspberry-pi-pico/pico/pico-sdk/src/rp2_common/pico_divider/divider.S.obj
                0x0000000010003074                __wrap___aeabi_uidiv
                0x0000000010003074                __wrap___aeabi_uidivmod
                0x0000000010003074                div_u32u32
                0x0000000010003074                divmod_u32u32
                0x000000001000307c                divmod_u32u32_unsafe
                0x00000000100030a4                divmod_u32u32_savestate
 .text.__wrap___aeabi_ldiv
                0x00000000100030c0      0x424 CMakeFiles/script.dir/home/stamatisstamatelopoulos1/raspberry-pi-pico/pico/pico-sdk/src/rp2_common/pico_divider/divider.S.obj
                0x00000000100030c0                div_s64s64
                0x00000000100030c0                divmod_s64s64
                0x00000000100030c0                __wrap___aeabi_ldivmod
                0x00000000100030f0                div_u64u64
                0x00000000100030f0                divmod_u64u64
                0x00000000100030f0                __wrap___aeabi_uldivmod
                0x0000000010003100                divmod_u64u64_savestate
                0x0000000010003120                divmod_s64s64_unsafe
                0x00000000100031a8                divmod_u64u64_unsafe
 .text.__wrap___aeabi_darithmetic
                0x00000000100034e4       0x80 CMakeFiles/script.dir/home/stamatisstamatelopoulos1/raspberry-pi-pico/pico/pico-sdk/src/rp2_common/pico_double/double_aeabi.S.obj
                0x00000000100034e4                __wrap___aeabi_drsub
                0x00000000100034ea                __wrap___aeabi_dsub
                0x00000000100034fc                __wrap___aeabi_dadd
                0x000000001000350e                __wrap___aeabi_ddiv
                0x000000001000354a                __wrap___aeabi_dmul
 .text.__wrap___aeabi_cdcmple
                0x0000000010003564       0x6c CMakeFiles/script.dir/home/stamatisstamatelopoulos1/raspberry-pi-pico/pico/pico-sdk/src/rp2_common/pico_double/double_aeabi.S.obj
                0x0000000010003564                __wrap___aeabi_cdrcmple
                0x0000000010003574                __wrap___aeabi_cdcmple
                0x0000000010003574                __wrap___aeabi_cdcmpeq
 .text.__wrap___aeabi_dcmplt
                0x00000000100035d0        0xc CMakeFiles/script.dir/home/stamatisstamatelopoulos1/raspberry-pi-pico/pico/pico-sdk/src/rp2_common/pico_double/double_aeabi.S.obj
                0x00000000100035d0                __wrap___aeabi_dcmplt
 .text.__wrap___aeabi_dcmple
                0x00000000100035dc       0x10 CMakeFiles/script.dir/home/stamatisstamatelopoulos1/raspberry-pi-pico/pico/pico-sdk/src/rp2_common/pico_double/double_aeabi.S.obj
                0x00000000100035dc                __wrap___aeabi_dcmple
 .text.__wrap___aeabi_dcmpge
                0x00000000100035ec       0x10 CMakeFiles/script.dir/home/stamatisstamatelopoulos1/raspberry-pi-pico/pico/pico-sdk/src/rp2_common/pico_double/double_aeabi.S.obj
                0x00000000100035ec                __wrap___aeabi_dcmpge
 .text.__wrap___aeabi_dcmpgt
                0x00000000100035fc        0xa CMakeFiles/script.dir/home/stamatisstamatelopoulos1/raspberry-pi-pico/pico/pico-sdk/src/rp2_common/pico_double/double_aeabi.S.obj
                0x00000000100035fc                __wrap___aeabi_dcmpgt
 .text.__wrap___aeabi_dcmpun
                0x0000000010003606       0x1c CMakeFiles/script.dir/home/stamatisstamatelopoulos1/raspberry-pi-pico/pico/pico-sdk/src/rp2_common/pico_double/double_aeabi.S.obj
                0x0000000010003606                __wrap___aeabi_dcmpun
 *fill*         0x0000000010003622        0x2 
 .text.__wrap___aeabi_i2d
                0x0000000010003624       0x38 CMakeFiles/script.dir/home/stamatisstamatelopoulos1/raspberry-pi-pico/pico/pico-sdk/src/rp2_common/pico_double/double_aeabi.S.obj
                0x0000000010003624                __wrap___aeabi_ui2d
                0x000000001000362c                __wrap___aeabi_i2d
 .text.__wrap___aeabi_d2iz
                0x000000001000365c       0x48 CMakeFiles/script.dir/home/stamatisstamatelopoulos1/raspberry-pi-pico/pico/pico-sdk/src/rp2_common/pico_double/double_aeabi.S.obj
                0x000000001000365c                __wrap___aeabi_d2iz
                0x000000001000365c                double2int_z
 .text.__wrap___aeabi_d2uiz
                0x00000000100036a4       0x18 CMakeFiles/script.dir/home/stamatisstamatelopoulos1/raspberry-pi-pico/pico/pico-sdk/src/rp2_common/pico_double/double_aeabi.S.obj
                0x00000000100036a4                double2uint
                0x00000000100036a4                __wrap___aeabi_d2uiz
 .text.__aeabi_double_init
                0x00000000100036bc       0xc8 CMakeFiles/script.dir/home/stamatisstamatelopoulos1/raspberry-pi-pico/pico/pico-sdk/src/rp2_common/pico_double/double_init_rom.c.obj
                0x00000000100036bc                __aeabi_double_init
 .text.double_table_shim_on_use_helper
                0x0000000010003784       0x34 CMakeFiles/script.dir/home/stamatisstamatelopoulos1/raspberry-pi-pico/pico/pico-sdk/src/rp2_common/pico_double/double_v1_rom_shim.S.obj
                0x0000000010003784                double_table_shim_on_use_helper
 .text.__wrap___aeabi_dsub
                0x00000000100037b8       0x10 CMakeFiles/script.dir/home/stamatisstamatelopoulos1/raspberry-pi-pico/pico/pico-sdk/src/rp2_common/pico_double/double_v1_rom_shim.S.obj
                0x00000000100037b8                drsub_shim
                0x00000000100037be                dsub_shim
 .text.dadd_shim
                0x00000000100037c8      0x15c CMakeFiles/script.dir/home/stamatisstamatelopoulos1/raspberry-pi-pico/pico/pico-sdk/src/rp2_common/pico_double/double_v1_rom_shim.S.obj
                0x00000000100037c8                dadd_shim
 .text.dmul_shim
                0x0000000010003924      0x15c CMakeFiles/script.dir/home/stamatisstamatelopoulos1/raspberry-pi-pico/pico/pico-sdk/src/rp2_common/pico_double/double_v1_rom_shim.S.obj
                0x0000000010003924                dmul_shim
 .text.ddiv_shim
                0x0000000010003a80      0x1b0 CMakeFiles/script.dir/home/stamatisstamatelopoulos1/raspberry-pi-pico/pico/pico-sdk/src/rp2_common/pico_double/double_v1_rom_shim.S.obj
                0x0000000010003a80                ddiv_shim
 .text.double2uint_shim
                0x0000000010003c30        0xe CMakeFiles/script.dir/home/stamatisstamatelopoulos1/raspberry-pi-pico/pico/pico-sdk/src/rp2_common/pico_double/double_v1_rom_shim.S.obj
                0x0000000010003c30                double2uint_shim
                0x0000000010003c32                double2ufix_shim
 *fill*         0x0000000010003c3e        0x2 
 .text.double2uint64_shim
                0x0000000010003c40       0x70 CMakeFiles/script.dir/home/stamatisstamatelopoulos1/raspberry-pi-pico/pico/pico-sdk/src/rp2_common/pico_double/double_v1_rom_shim.S.obj
                0x0000000010003c40                double2uint64_shim
                0x0000000010003c42                double2ufix64_shim
                0x0000000010003c62                d2fix_a
 .text.dunpacks
                0x0000000010003cb0       0x3c CMakeFiles/script.dir/home/stamatisstamatelopoulos1/raspberry-pi-pico/pico/pico-sdk/src/rp2_common/pico_double/double_v1_rom_shim.S.obj
                0x0000000010003cb0                dunpacks
 .text.__aeabi_float_init
                0x0000000010003cec       0xfc CMakeFiles/script.dir/home/stamatisstamatelopoulos1/raspberry-pi-pico/pico/pico-sdk/src/rp2_common/pico_float/float_init_rom.c.obj
                0x0000000010003cec                __aeabi_float_init
 .text.float_table_shim_on_use_helper
                0x0000000010003de8       0x34 CMakeFiles/script.dir/home/stamatisstamatelopoulos1/raspberry-pi-pico/pico/pico-sdk/src/rp2_common/pico_float/float_v1_rom_shim.S.obj
                0x0000000010003de8                float_table_shim_on_use_helper
 .text          0x0000000010003e1c       0x10 CMakeFiles/script.dir/home/stamatisstamatelopoulos1/raspberry-pi-pico/pico/pico-sdk/src/rp2_common/pico_mem_ops/mem_ops_aeabi.S.obj
                0x0000000010003e1c                __aeabi_mem_init
 .text.memcpy   0x0000000010003e2c        0xc CMakeFiles/script.dir/home/stamatisstamatelopoulos1/raspberry-pi-pico/pico/pico-sdk/src/rp2_common/pico_mem_ops/mem_ops_aeabi.S.obj
                0x0000000010003e2c                __wrap___aeabi_memcpy
                0x0000000010003e2c                __wrap_memcpy
 .text.stdio_out_chars_no_crlf
                0x0000000010003e38        0xe CMakeFiles/script.dir/home/stamatisstamatelopoulos1/raspberry-pi-pico/pico/pico-sdk/src/rp2_common/pico_stdio/stdio.c.obj
 *fill*         0x0000000010003e46        0x2 
 .text.stdio_out_chars_crlf
                0x0000000010003e48       0x80 CMakeFiles/script.dir/home/stamatisstamatelopoulos1/raspberry-pi-pico/pico/pico-sdk/src/rp2_common/pico_stdio/stdio.c.obj
 .text.stdio_stack_buffer_flush
                0x0000000010003ec8       0x44 CMakeFiles/script.dir/home/stamatisstamatelopoulos1/raspberry-pi-pico/pico/pico-sdk/src/rp2_common/pico_stdio/stdio.c.obj
 .text.stdio_buffered_printer
                0x0000000010003f0c       0x20 CMakeFiles/script.dir/home/stamatisstamatelopoulos1/raspberry-pi-pico/pico/pico-sdk/src/rp2_common/pico_stdio/stdio.c.obj
 .text.stdout_serialize_begin
                0x0000000010003f2c       0x5c CMakeFiles/script.dir/home/stamatisstamatelopoulos1/raspberry-pi-pico/pico/pico-sdk/src/rp2_common/pico_stdio/stdio.c.obj
                0x0000000010003f2c                stdout_serialize_begin
 .text.stdout_serialize_end
                0x0000000010003f88       0x10 CMakeFiles/script.dir/home/stamatisstamatelopoulos1/raspberry-pi-pico/pico/pico-sdk/src/rp2_common/pico_stdio/stdio.c.obj
                0x0000000010003f88                stdout_serialize_end
 .text.stdio_put_string
                0x0000000010003f98       0x94 CMakeFiles/script.dir/home/stamatisstamatelopoulos1/raspberry-pi-pico/pico/pico-sdk/src/rp2_common/pico_stdio/stdio.c.obj
 .text.stdio_flush
                0x000000001000402c       0x20 CMakeFiles/script.dir/home/stamatisstamatelopoulos1/raspberry-pi-pico/pico/pico-sdk/src/rp2_common/pico_stdio/stdio.c.obj
                0x000000001000402c                stdio_flush
 .text.__wrap_puts
                0x000000001000404c       0x1e CMakeFiles/script.dir/home/stamatisstamatelopoulos1/raspberry-pi-pico/pico/pico-sdk/src/rp2_common/pico_stdio/stdio.c.obj
                0x000000001000404c                __wrap_puts
 *fill*         0x000000001000406a        0x2 
 .text.__wrap_vprintf
                0x000000001000406c       0x40 CMakeFiles/script.dir/home/stamatisstamatelopoulos1/raspberry-pi-pico/pico/pico-sdk/src/rp2_common/pico_stdio/stdio.c.obj
                0x000000001000406c                __wrap_vprintf
 .text.__wrap_printf
                0x00000000100040ac       0x18 CMakeFiles/script.dir/home/stamatisstamatelopoulos1/raspberry-pi-pico/pico/pico-sdk/src/rp2_common/pico_stdio/stdio.c.obj
                0x00000000100040ac                __wrap_printf
 .text          0x00000000100040c4       0x68 /usr/lib/gcc/arm-none-eabi/8.3.1/../../../arm-none-eabi/lib/thumb/v6-m/nofp/libg.a(lib_a-strlen-stub.o)
                0x00000000100040c4                strlen
 *(.fini)
 .fini          0x000000001000412c        0x4 /usr/lib/gcc/arm-none-eabi/8.3.1/thumb/v6-m/nofp/crti.o
                0x000000001000412c                _fini
 .fini.__stub   0x0000000010004130       0x40 linker stubs
 *crtbegin.o(.ctors)
 *crtbegin?.o(.ctors)
 *(EXCLUDE_FILE(*crtend.o *crtend?.o) .ctors)
 *(SORT_BY_NAME(.ctors.*))
 *(.ctors)
 *crtbegin.o(.dtors)
 *crtbegin?.o(.dtors)
 *(EXCLUDE_FILE(*crtend.o *crtend?.o) .dtors)
 *(SORT_BY_NAME(.dtors.*))
 *(.dtors)
 *(.eh_frame*)
 .eh_frame      0x0000000010004170        0x0 /usr/lib/gcc/arm-none-eabi/8.3.1/thumb/v6-m/nofp/crtbegin.o
                0x0000000010004170                . = ALIGN (0x4)

.glue_7         0x0000000010004170        0x0
 .glue_7        0x0000000010004170        0x0 linker stubs

.glue_7t        0x0000000010004170        0x0
 .glue_7t       0x0000000010004170        0x0 linker stubs

.vfp11_veneer   0x0000000010004170        0x0
 .vfp11_veneer  0x0000000010004170        0x0 linker stubs

.v4_bx          0x0000000010004170        0x0
 .v4_bx         0x0000000010004170        0x0 linker stubs

.iplt           0x0000000010004170        0x0
 .iplt          0x0000000010004170        0x0 /usr/lib/gcc/arm-none-eabi/8.3.1/thumb/v6-m/nofp/crtbegin.o

.rodata         0x0000000010004170     0x1050
 *(EXCLUDE_FILE(*libm.a: *libc.a:*lib_a-mem*.o *libgcc.a:) .rodata*)
 .rodata.__func__.4858
                0x0000000010004170       0x1a CMakeFiles/script.dir/home/stamatisstamatelopoulos1/raspberry-pi-pico/pico/pico-sdk/src/rp2_common/hardware_irq/irq.c.obj
 *fill*         0x000000001000418a        0x2 
 .rodata.__func__.4872
                0x000000001000418c        0xc CMakeFiles/script.dir/home/stamatisstamatelopoulos1/raspberry-pi-pico/pico/pico-sdk/src/rp2_common/hardware_irq/irq.c.obj
 .rodata.__func__.4880
                0x0000000010004198       0x17 CMakeFiles/script.dir/home/stamatisstamatelopoulos1/raspberry-pi-pico/pico/pico-sdk/src/rp2_common/hardware_irq/irq.c.obj
 *fill*         0x00000000100041af        0x1 
 .rodata.__func__.4884
                0x00000000100041b0        0xf CMakeFiles/script.dir/home/stamatisstamatelopoulos1/raspberry-pi-pico/pico/pico-sdk/src/rp2_common/hardware_irq/irq.c.obj
 *fill*         0x00000000100041bf        0x1 
 .rodata.__func__.4923
                0x00000000100041c0       0x13 CMakeFiles/script.dir/home/stamatisstamatelopoulos1/raspberry-pi-pico/pico/pico-sdk/src/rp2_common/hardware_irq/irq.c.obj
 *fill*         0x00000000100041d3        0x1 
 .rodata.__func__.4945
                0x00000000100041d4       0x1a CMakeFiles/script.dir/home/stamatisstamatelopoulos1/raspberry-pi-pico/pico/pico-sdk/src/rp2_common/hardware_irq/irq.c.obj
 *fill*         0x00000000100041ee        0x2 
 .rodata.insert_branch_and_link.str1.4
                0x00000000100041f0       0x10 CMakeFiles/script.dir/home/stamatisstamatelopoulos1/raspberry-pi-pico/pico/pico-sdk/src/rp2_common/hardware_irq/irq.c.obj
 .rodata.irq_add_shared_handler.str1.4
                0x0000000010004200       0xd9 CMakeFiles/script.dir/home/stamatisstamatelopoulos1/raspberry-pi-pico/pico/pico-sdk/src/rp2_common/hardware_irq/irq.c.obj
 *fill*         0x00000000100042d9        0x3 
 .rodata.irq_add_tail_to_free_list.str1.4
                0x00000000100042dc       0x3a CMakeFiles/script.dir/home/stamatisstamatelopoulos1/raspberry-pi-pico/pico/pico-sdk/src/rp2_common/hardware_irq/irq.c.obj
 *fill*         0x0000000010004316        0x2 
 .rodata.irq_remove_handler.str1.4
                0x0000000010004318       0x3a CMakeFiles/script.dir/home/stamatisstamatelopoulos1/raspberry-pi-pico/pico/pico-sdk/src/rp2_common/hardware_irq/irq.c.obj
 *fill*         0x0000000010004352        0x2 
 .rodata.irq_set_exclusive_handler.str1.4
                0x0000000010004354       0x36 CMakeFiles/script.dir/home/stamatisstamatelopoulos1/raspberry-pi-pico/pico/pico-sdk/src/rp2_common/hardware_irq/irq.c.obj
 *fill*         0x000000001000438a        0x2 
 .rodata.make_branch.str1.4
                0x000000001000438c       0x91 CMakeFiles/script.dir/home/stamatisstamatelopoulos1/raspberry-pi-pico/pico/pico-sdk/src/rp2_common/hardware_irq/irq.c.obj
 *fill*         0x000000001000441d        0x3 
 .rodata.__func__.4773
                0x0000000010004420       0x18 CMakeFiles/script.dir/home/stamatisstamatelopoulos1/raspberry-pi-pico/pico/pico-sdk/src/common/pico_sync/mutex.c.obj
 .rodata.__func__.4792
                0x0000000010004438        0xb CMakeFiles/script.dir/home/stamatisstamatelopoulos1/raspberry-pi-pico/pico/pico-sdk/src/common/pico_sync/mutex.c.obj
 *fill*         0x0000000010004443        0x1 
 .rodata.str1.4
                0x0000000010004444      0x135 CMakeFiles/script.dir/home/stamatisstamatelopoulos1/raspberry-pi-pico/pico/pico-sdk/src/common/pico_sync/mutex.c.obj
 *fill*         0x0000000010004579        0x3 
 .rodata.__func__.5751
                0x000000001000457c       0x15 CMakeFiles/script.dir/home/stamatisstamatelopoulos1/raspberry-pi-pico/pico/pico-sdk/src/common/pico_time/time.c.obj
 *fill*         0x0000000010004591        0x3 
 .rodata.__func__.6094
                0x0000000010004594        0xc CMakeFiles/script.dir/home/stamatisstamatelopoulos1/raspberry-pi-pico/pico/pico-sdk/src/common/pico_time/time.c.obj
 .rodata.__func__.6101
                0x00000000100045a0       0x12 CMakeFiles/script.dir/home/stamatisstamatelopoulos1/raspberry-pi-pico/pico/pico-sdk/src/common/pico_time/time.c.obj
 *fill*         0x00000000100045b2        0x2 
 .rodata.__func__.6117
                0x00000000100045b4        0xf CMakeFiles/script.dir/home/stamatisstamatelopoulos1/raspberry-pi-pico/pico/pico-sdk/src/common/pico_time/time.c.obj
 *fill*         0x00000000100045c3        0x1 
 .rodata.__func__.6139
                0x00000000100045c4        0xd CMakeFiles/script.dir/home/stamatisstamatelopoulos1/raspberry-pi-pico/pico/pico-sdk/src/common/pico_time/time.c.obj
 *fill*         0x00000000100045d1        0x3 
 .rodata.__func__.6369
                0x00000000100045d4        0xa CMakeFiles/script.dir/home/stamatisstamatelopoulos1/raspberry-pi-pico/pico/pico-sdk/src/common/pico_time/time.c.obj
 *fill*         0x00000000100045de        0x2 
 .rodata.__func__.6374
                0x00000000100045e0       0x12 CMakeFiles/script.dir/home/stamatisstamatelopoulos1/raspberry-pi-pico/pico/pico-sdk/src/common/pico_time/time.c.obj
 *fill*         0x00000000100045f2        0x2 
 .rodata.__func__.6389
                0x00000000100045f4       0x17 CMakeFiles/script.dir/home/stamatisstamatelopoulos1/raspberry-pi-pico/pico/pico-sdk/src/common/pico_time/time.c.obj
 *fill*         0x000000001000460b        0x1 
 .rodata.__func__.6400
                0x000000001000460c       0x15 CMakeFiles/script.dir/home/stamatisstamatelopoulos1/raspberry-pi-pico/pico/pico-sdk/src/common/pico_time/time.c.obj
 *fill*         0x0000000010004621        0x3 
 .rodata.__func__.6417
                0x0000000010004624       0x1a CMakeFiles/script.dir/home/stamatisstamatelopoulos1/raspberry-pi-pico/pico/pico-sdk/src/common/pico_time/time.c.obj
 *fill*         0x000000001000463e        0x2 
 .rodata.__func__.6470
                0x0000000010004640       0x18 CMakeFiles/script.dir/home/stamatisstamatelopoulos1/raspberry-pi-pico/pico/pico-sdk/src/common/pico_time/time.c.obj
 .rodata.add_alarm_under_lock.str1.4
                0x0000000010004658       0x28 CMakeFiles/script.dir/home/stamatisstamatelopoulos1/raspberry-pi-pico/pico/pico-sdk/src/common/pico_time/time.c.obj
                                         0x2b (size before relaxing)
 .rodata.alarm_pool_alarm_callback.str1.4
                0x0000000010004680       0x98 CMakeFiles/script.dir/home/stamatisstamatelopoulos1/raspberry-pi-pico/pico/pico-sdk/src/common/pico_time/time.c.obj
                                        0x120 (size before relaxing)
 .rodata.alarm_pool_cancel_alarm.str1.4
                0x0000000010004718       0x27 CMakeFiles/script.dir/home/stamatisstamatelopoulos1/raspberry-pi-pico/pico/pico-sdk/src/common/pico_time/time.c.obj
 *fill*         0x000000001000473f        0x1 
 .rodata.alarm_pool_get_default.str1.4
                0x0000000010004740       0x21 CMakeFiles/script.dir/home/stamatisstamatelopoulos1/raspberry-pi-pico/pico/pico-sdk/src/common/pico_time/time.c.obj
 *fill*         0x0000000010004761        0x3 
 .rodata.ph_add_child_node.str1.4
                0x0000000010004764       0xba CMakeFiles/script.dir/home/stamatisstamatelopoulos1/raspberry-pi-pico/pico/pico-sdk/src/common/pico_time/time.c.obj
 *fill*         0x000000001000481e        0x2 
 .rodata.repeating_timer_callback.str1.4
                0x0000000010004820       0x6f CMakeFiles/script.dir/home/stamatisstamatelopoulos1/raspberry-pi-pico/pico/pico-sdk/src/common/pico_time/time.c.obj
 *fill*         0x000000001000488f        0x1 
 .rodata.timer_pool_entry_comparator.str1.4
                0x0000000010004890       0x22 CMakeFiles/script.dir/home/stamatisstamatelopoulos1/raspberry-pi-pico/pico/pico-sdk/src/common/pico_time/time.c.obj
 *fill*         0x00000000100048b2        0x2 
 .rodata.__func__.4639
                0x00000000100048b4       0x1a CMakeFiles/script.dir/home/stamatisstamatelopoulos1/raspberry-pi-pico/pico/pico-sdk/src/rp2_common/hardware_timer/timer.c.obj
 *fill*         0x00000000100048ce        0x2 
 .rodata.hardware_alarm_claim.str1.4
                0x00000000100048d0       0x22 CMakeFiles/script.dir/home/stamatisstamatelopoulos1/raspberry-pi-pico/pico/pico-sdk/src/rp2_common/hardware_timer/timer.c.obj
 *fill*         0x00000000100048f2        0x2 
 .rodata.hardware_alarm_set_target.str1.4
                0x00000000100048f4       0x89 CMakeFiles/script.dir/home/stamatisstamatelopoulos1/raspberry-pi-pico/pico/pico-sdk/src/rp2_common/hardware_timer/timer.c.obj
 *fill*         0x000000001000497d        0x3 
 .rodata.__func__.5775
                0x0000000010004980        0xc CMakeFiles/script.dir/home/stamatisstamatelopoulos1/raspberry-pi-pico/pico/pico-sdk/src/common/pico_util/pheap.c.obj
 .rodata.__func__.5782
                0x000000001000498c       0x12 CMakeFiles/script.dir/home/stamatisstamatelopoulos1/raspberry-pi-pico/pico/pico-sdk/src/common/pico_util/pheap.c.obj
 *fill*         0x000000001000499e        0x2 
 .rodata.__func__.5868
                0x00000000100049a0       0x13 CMakeFiles/script.dir/home/stamatisstamatelopoulos1/raspberry-pi-pico/pico/pico-sdk/src/common/pico_util/pheap.c.obj
 *fill*         0x00000000100049b3        0x1 
 .rodata.__func__.5886
                0x00000000100049b4       0x18 CMakeFiles/script.dir/home/stamatisstamatelopoulos1/raspberry-pi-pico/pico/pico-sdk/src/common/pico_util/pheap.c.obj
 .rodata.ph_add_child_node.str1.4
                0x00000000100049cc       0xba CMakeFiles/script.dir/home/stamatisstamatelopoulos1/raspberry-pi-pico/pico/pico-sdk/src/common/pico_util/pheap.c.obj
 .rodata.ph_remove_and_free_node.str1.4
                0x00000000100049cc       0x1e CMakeFiles/script.dir/home/stamatisstamatelopoulos1/raspberry-pi-pico/pico/pico-sdk/src/common/pico_util/pheap.c.obj
                                         0x26 (size before relaxing)
 *fill*         0x00000000100049ea        0x2 
 .rodata.ph_remove_any_head.str1.4
                0x00000000100049ec       0xb0 CMakeFiles/script.dir/home/stamatisstamatelopoulos1/raspberry-pi-pico/pico/pico-sdk/src/common/pico_util/pheap.c.obj
                                         0xc4 (size before relaxing)
 .rodata.__func__.4825
                0x0000000010004a9c       0x10 CMakeFiles/script.dir/home/stamatisstamatelopoulos1/raspberry-pi-pico/pico/pico-sdk/src/rp2_common/hardware_clocks/clocks.c.obj
 .rodata.clock_configure.str1.4
                0x0000000010004aac       0x7b CMakeFiles/script.dir/home/stamatisstamatelopoulos1/raspberry-pi-pico/pico/pico-sdk/src/rp2_common/hardware_clocks/clocks.c.obj
 *fill*         0x0000000010004b27        0x1 
 .rodata.__func__.4482
                0x0000000010004b28        0x9 CMakeFiles/script.dir/home/stamatisstamatelopoulos1/raspberry-pi-pico/pico/pico-sdk/src/rp2_common/hardware_pll/pll.c.obj
 *fill*         0x0000000010004b31        0x3 
 .rodata.pll_init.str1.4
                0x0000000010004b34      0x147 CMakeFiles/script.dir/home/stamatisstamatelopoulos1/raspberry-pi-pico/pico/pico-sdk/src/rp2_common/hardware_pll/pll.c.obj
 *fill*         0x0000000010004c7b        0x1 
 .rodata.__assert_func.str1.4
                0x0000000010004c7c       0x3f CMakeFiles/script.dir/home/stamatisstamatelopoulos1/raspberry-pi-pico/pico/pico-sdk/src/rp2_common/pico_runtime/runtime.c.obj
                                         0x43 (size before relaxing)
 *fill*         0x0000000010004cbb        0x1 
 .rodata.__func__.6435
                0x0000000010004cbc        0xd CMakeFiles/script.dir/home/stamatisstamatelopoulos1/raspberry-pi-pico/pico/pico-sdk/src/rp2_common/pico_runtime/runtime.c.obj
 *fill*         0x0000000010004cc9        0x3 
 .rodata.panic.str1.4
                0x0000000010004ccc       0x12 CMakeFiles/script.dir/home/stamatisstamatelopoulos1/raspberry-pi-pico/pico/pico-sdk/src/rp2_common/pico_runtime/runtime.c.obj
 *fill*         0x0000000010004cde        0x2 
 .rodata.runtime_init.str1.4
                0x0000000010004ce0       0x85 CMakeFiles/script.dir/home/stamatisstamatelopoulos1/raspberry-pi-pico/pico/pico-sdk/src/rp2_common/pico_runtime/runtime.c.obj
 *fill*         0x0000000010004d65        0x3 
 .rodata._vsnprintf
                0x0000000010004d68      0x1e0 CMakeFiles/script.dir/home/stamatisstamatelopoulos1/raspberry-pi-pico/pico/pico-sdk/src/rp2_common/pico_printf/printf.c.obj
 .rodata._ftoa.str1.4
                0x0000000010004f48       0x15 CMakeFiles/script.dir/home/stamatisstamatelopoulos1/raspberry-pi-pico/pico/pico-sdk/src/rp2_common/pico_printf/printf.c.obj
 *fill*         0x0000000010004f5d        0x3 
 .rodata.pow10.5489
                0x0000000010004f60       0x50 CMakeFiles/script.dir/home/stamatisstamatelopoulos1/raspberry-pi-pico/pico/pico-sdk/src/rp2_common/pico_printf/printf.c.obj
 .rodata.__aeabi_double_init.str1.4
                0x0000000010004fb0       0xcc CMakeFiles/script.dir/home/stamatisstamatelopoulos1/raspberry-pi-pico/pico/pico-sdk/src/rp2_common/pico_double/double_init_rom.c.obj
 .rodata.__func__.4786
                0x000000001000507c       0x14 CMakeFiles/script.dir/home/stamatisstamatelopoulos1/raspberry-pi-pico/pico/pico-sdk/src/rp2_common/pico_double/double_init_rom.c.obj
 .rodata.__aeabi_float_init.str1.4
                0x0000000010005090       0x9e CMakeFiles/script.dir/home/stamatisstamatelopoulos1/raspberry-pi-pico/pico/pico-sdk/src/rp2_common/pico_float/float_init_rom.c.obj
                                         0xa2 (size before relaxing)
 *fill*         0x000000001000512e        0x2 
 .rodata.__func__.4787
                0x0000000010005130       0x13 CMakeFiles/script.dir/home/stamatisstamatelopoulos1/raspberry-pi-pico/pico/pico-sdk/src/rp2_common/pico_float/float_init_rom.c.obj
 *fill*         0x0000000010005143        0x1 
 .rodata.__bi_44
                0x0000000010005144        0xc CMakeFiles/script.dir/home/stamatisstamatelopoulos1/raspberry-pi-pico/pico/pico-sdk/src/rp2_common/pico_standard_link/binary_info.c.obj
 .rodata.__bi_75
                0x0000000010005150        0xc CMakeFiles/script.dir/home/stamatisstamatelopoulos1/raspberry-pi-pico/pico/pico-sdk/src/rp2_common/pico_standard_link/binary_info.c.obj
 .rodata.__bi_81
                0x000000001000515c        0xc CMakeFiles/script.dir/home/stamatisstamatelopoulos1/raspberry-pi-pico/pico/pico-sdk/src/rp2_common/pico_standard_link/binary_info.c.obj
 .rodata.str1.4
                0x0000000010005168       0x3c CMakeFiles/script.dir/home/stamatisstamatelopoulos1/raspberry-pi-pico/pico/pico-sdk/src/rp2_common/pico_standard_link/binary_info.c.obj
 .rodata.__func__.5613
                0x00000000100051a4       0x15 CMakeFiles/script.dir/home/stamatisstamatelopoulos1/raspberry-pi-pico/pico/pico-sdk/src/rp2_common/pico_stdio/stdio.c.obj
 *fill*         0x00000000100051b9        0x3 
 .rodata.crlf_str.6283
                0x00000000100051bc        0x2 CMakeFiles/script.dir/home/stamatisstamatelopoulos1/raspberry-pi-pico/pico/pico-sdk/src/rp2_common/pico_stdio/stdio.c.obj
 .rodata.stdout_serialize_begin.str1.4
                0x00000000100051be       0x85 CMakeFiles/script.dir/home/stamatisstamatelopoulos1/raspberry-pi-pico/pico/pico-sdk/src/rp2_common/pico_stdio/stdio.c.obj
                0x0000000010005244                . = ALIGN (0x4)
 *fill*         0x00000000100051be        0x2 
 *(SORT_BY_ALIGNMENT(SORT_BY_NAME(.flashdata*)))
                0x00000000100051c0                . = ALIGN (0x4)

.rel.dyn        0x00000000100051c0        0x0
 .rel.iplt      0x00000000100051c0        0x0 /usr/lib/gcc/arm-none-eabi/8.3.1/thumb/v6-m/nofp/crtbegin.o

.ARM.extab
 *(.ARM.extab* .gnu.linkonce.armextab.*)
                0x00000000100051c0                __exidx_start = .

.ARM.exidx
 *(.ARM.exidx* .gnu.linkonce.armexidx.*)
                0x00000000100051c0                __exidx_end = .
                0x00000000100051c0                . = ALIGN (0x4)
                0x00000000100051c0                __binary_info_start = .

.binary_info    0x00000000100051c0       0x1c
 *(.binary_info.keep.*)
 .binary_info.keep.__bi_ptr22
                0x00000000100051c0        0x4 CMakeFiles/script.dir/home/stamatisstamatelopoulos1/raspberry-pi-pico/pico/pico-sdk/src/rp2_common/pico_standard_link/binary_info.c.obj
 .binary_info.keep.__bi_ptr30
                0x00000000100051c4        0x4 CMakeFiles/script.dir/home/stamatisstamatelopoulos1/raspberry-pi-pico/pico/pico-sdk/src/rp2_common/pico_standard_link/binary_info.c.obj
 .binary_info.keep.__bi_ptr38
                0x00000000100051c8        0x4 CMakeFiles/script.dir/home/stamatisstamatelopoulos1/raspberry-pi-pico/pico/pico-sdk/src/rp2_common/pico_standard_link/binary_info.c.obj
 .binary_info.keep.__bi_ptr44
                0x00000000100051cc        0x4 CMakeFiles/script.dir/home/stamatisstamatelopoulos1/raspberry-pi-pico/pico/pico-sdk/src/rp2_common/pico_standard_link/binary_info.c.obj
 .binary_info.keep.__bi_ptr50
                0x00000000100051d0        0x4 CMakeFiles/script.dir/home/stamatisstamatelopoulos1/raspberry-pi-pico/pico/pico-sdk/src/rp2_common/pico_standard_link/binary_info.c.obj
 .binary_info.keep.__bi_ptr75
                0x00000000100051d4        0x4 CMakeFiles/script.dir/home/stamatisstamatelopoulos1/raspberry-pi-pico/pico/pico-sdk/src/rp2_common/pico_standard_link/binary_info.c.obj
 .binary_info.keep.__bi_ptr81
                0x00000000100051d8        0x4 CMakeFiles/script.dir/home/stamatisstamatelopoulos1/raspberry-pi-pico/pico/pico-sdk/src/rp2_common/pico_standard_link/binary_info.c.obj
 *(.binary_info.*)
                0x00000000100051dc                __binary_info_end = .
                0x00000000100051dc                . = ALIGN (0x4)
                0x00000000100051dc                __etext = .

.ram_vector_table
                0x0000000020000000       0xc0
 *(.ram_vector_table)
 .ram_vector_table
                0x0000000020000000       0xc0 CMakeFiles/script.dir/home/stamatisstamatelopoulos1/raspberry-pi-pico/pico/pico-sdk/src/rp2_common/pico_runtime/runtime.c.obj
                0x0000000020000000                ram_vector_table

.data           0x00000000200000c0      0x21c load address 0x00000000100051dc
                0x00000000200000c0                __data_start__ = .
 *(vtable)
 *(.time_critical*)
 .time_critical.mutex_try_enter
                0x00000000200000c0       0x48 CMakeFiles/script.dir/home/stamatisstamatelopoulos1/raspberry-pi-pico/pico/pico-sdk/src/common/pico_sync/mutex.c.obj
                0x00000000200000c0                mutex_try_enter
 .time_critical.mutex_enter_block_until
                0x0000000020000108       0x7c CMakeFiles/script.dir/home/stamatisstamatelopoulos1/raspberry-pi-pico/pico/pico-sdk/src/common/pico_sync/mutex.c.obj
                0x0000000020000108                mutex_enter_block_until
 .time_critical.mutex_try_enter_block_until
                0x0000000020000184       0x34 CMakeFiles/script.dir/home/stamatisstamatelopoulos1/raspberry-pi-pico/pico/pico-sdk/src/common/pico_sync/mutex.c.obj
                0x0000000020000184                mutex_try_enter_block_until
 .time_critical.mutex_exit
                0x00000000200001b8       0x4c CMakeFiles/script.dir/home/stamatisstamatelopoulos1/raspberry-pi-pico/pico/pico-sdk/src/common/pico_sync/mutex.c.obj
                0x00000000200001b8                mutex_exit
 *(.text*)
 .text          0x0000000020000204        0x4 /usr/lib/gcc/arm-none-eabi/8.3.1/thumb/v6-m/nofp/libgcc.a(_dvmd_tls.o)
                0x0000000020000204                __aeabi_ldiv0
                0x0000000020000204                __aeabi_idiv0
 .text.__stub   0x0000000020000208       0x20 linker stubs
                0x0000000020000228                . = ALIGN (0x4)
 *(.rodata*)
                0x0000000020000228                . = ALIGN (0x4)
 *(.data*)
 .data.striped_spin_lock_num
                0x0000000020000228        0x1 CMakeFiles/script.dir/home/stamatisstamatelopoulos1/raspberry-pi-pico/pico/pico-sdk/src/rp2_common/hardware_sync/sync.c.obj
 *fill*         0x0000000020000229        0x3 
 .data          0x000000002000022c       0x48 CMakeFiles/script.dir/home/stamatisstamatelopoulos1/raspberry-pi-pico/pico/pico-sdk/src/rp2_common/hardware_irq/irq_handler_chain.S.obj
                0x000000002000022c                irq_handler_chain_slots
                0x000000002000025c                irq_handler_chain_first_slot
                0x0000000020000266                irq_handler_chain_remove_tail
 .data.default_alarm_pool
                0x0000000020000274       0x18 CMakeFiles/script.dir/home/stamatisstamatelopoulos1/raspberry-pi-pico/pico/pico-sdk/src/common/pico_time/time.c.obj
 .data.default_alarm_pool_heap
                0x000000002000028c       0x10 CMakeFiles/script.dir/home/stamatisstamatelopoulos1/raspberry-pi-pico/pico/pico-sdk/src/common/pico_time/time.c.obj
 *fill*         0x000000002000029c        0x4 
 .data.aeabi_bits_funcs
                0x00000000200002a0       0x10 CMakeFiles/script.dir/home/stamatisstamatelopoulos1/raspberry-pi-pico/pico/pico-sdk/src/rp2_common/pico_bit_ops/bit_ops_aeabi.S.obj
                0x00000000200002a0                aeabi_bits_funcs
                0x00000000200002b0                aeabi_bits_funcs_end
 .data.aeabi_mem_funcs
                0x00000000200002b0       0x10 CMakeFiles/script.dir/home/stamatisstamatelopoulos1/raspberry-pi-pico/pico/pico-sdk/src/rp2_common/pico_mem_ops/mem_ops_aeabi.S.obj
                0x00000000200002b0                aeabi_mem_funcs
                0x00000000200002c0                aeabi_mem_funcs_end
                0x00000000200002c0                . = ALIGN (0x4)
 *(.after_data.*)
                0x00000000200002c0                . = ALIGN (0x4)
                0x00000000200002c0                PROVIDE (__mutex_array_start = .)
 *(SORT_BY_NAME(.mutex_array.*))
 *(.mutex_array)
 .mutex_array   0x00000000200002c0        0x8 CMakeFiles/script.dir/home/stamatisstamatelopoulos1/raspberry-pi-pico/pico/pico-sdk/src/rp2_common/pico_stdio/stdio.c.obj
                0x00000000200002c8                PROVIDE (__mutex_array_end = .)
                0x00000000200002c8                . = ALIGN (0x4)
                0x00000000200002c8                PROVIDE (__preinit_array_start = .)
 *(SORT_BY_NAME(.preinit_array.*))
 .preinit_array.00001
                0x00000000200002c8        0x4 CMakeFiles/script.dir/home/stamatisstamatelopoulos1/raspberry-pi-pico/pico/pico-sdk/src/rp2_common/pico_mem_ops/mem_ops_aeabi.S.obj
 .preinit_array.00010
                0x00000000200002cc        0x4 CMakeFiles/script.dir/home/stamatisstamatelopoulos1/raspberry-pi-pico/pico/pico-sdk/src/rp2_common/pico_bit_ops/bit_ops_aeabi.S.obj
 .preinit_array.00020
                0x00000000200002d0        0x4 CMakeFiles/script.dir/home/stamatisstamatelopoulos1/raspberry-pi-pico/pico/pico-sdk/src/rp2_common/pico_double/double_aeabi.S.obj
 .preinit_array.00020
                0x00000000200002d4        0x4 CMakeFiles/script.dir/home/stamatisstamatelopoulos1/raspberry-pi-pico/pico/pico-sdk/src/rp2_common/pico_float/float_aeabi.S.obj
 *(.preinit_array)
                0x00000000200002d8                PROVIDE (__preinit_array_end = .)
                0x00000000200002d8                . = ALIGN (0x4)
                0x00000000200002d8                PROVIDE (__init_array_start = .)
 *(SORT_BY_NAME(.init_array.*))
 *(.init_array)
 .init_array    0x00000000200002d8        0x4 /usr/lib/gcc/arm-none-eabi/8.3.1/thumb/v6-m/nofp/crtbegin.o
                0x00000000200002dc                PROVIDE (__init_array_end = .)
                0x00000000200002dc                . = ALIGN (0x4)
                0x00000000200002dc                PROVIDE (__fini_array_start = .)
 *(SORT_BY_NAME(.fini_array.*))
 *(.fini_array)
                0x00000000200002dc                PROVIDE (__fini_array_end = .)
 *(.jcr)
                0x00000000200002dc                . = ALIGN (0x4)
                0x00000000200002dc                __data_end__ = .

.tm_clone_table
                0x00000000200002dc        0x0 load address 0x00000000100053f8
 .tm_clone_table
                0x00000000200002dc        0x0 /usr/lib/gcc/arm-none-eabi/8.3.1/thumb/v6-m/nofp/crtbegin.o
 .tm_clone_table
                0x00000000200002dc        0x0 /usr/lib/gcc/arm-none-eabi/8.3.1/thumb/v6-m/nofp/crtend.o

.igot.plt       0x00000000200002dc        0x0 load address 0x00000000100053f8
 .igot.plt      0x00000000200002dc        0x0 /usr/lib/gcc/arm-none-eabi/8.3.1/thumb/v6-m/nofp/crtbegin.o

.uninitialized_data
                0x00000000200002dc        0x0 load address 0x00000000100053f8
                0x00000000200002dc                . = ALIGN (0x4)
 *(.uninitialized_data*)

.scratch_x      0x0000000020040000        0x0 load address 0x00000000100053f8
                0x0000000020040000                __scratch_x_start__ = .
 *(.scratch_x.*)
                0x0000000020040000                . = ALIGN (0x4)
                0x0000000020040000                __scratch_x_end__ = .
                0x00000000100053f8                __scratch_x_source__ = LOADADDR (.scratch_x)

.scratch_y      0x0000000020041000        0x0 load address 0x00000000100053f8
                0x0000000020041000                __scratch_y_start__ = .
 *(.scratch_y.*)
                0x0000000020041000                . = ALIGN (0x4)
                0x0000000020041000                __scratch_y_end__ = .
                0x00000000100053f8                __scratch_y_source__ = LOADADDR (.scratch_y)

.bss            0x00000000200002e0      0x3c8
                0x00000000200002e0                . = ALIGN (0x4)
                0x00000000200002e0                __bss_start__ = .
 *(SORT_BY_ALIGNMENT(SORT_BY_NAME(.bss*)))
 .bss.default_alarm_pool_entries
                0x00000000200002e0      0x100 CMakeFiles/script.dir/home/stamatisstamatelopoulos1/raspberry-pi-pico/pico/pico-sdk/src/common/pico_time/time.c.obj
 .bss           0x00000000200003e0       0x1c /usr/lib/gcc/arm-none-eabi/8.3.1/thumb/v6-m/nofp/crtbegin.o
 .bss.alarm_callbacks
                0x00000000200003fc       0x10 CMakeFiles/script.dir/home/stamatisstamatelopoulos1/raspberry-pi-pico/pico/pico-sdk/src/rp2_common/hardware_timer/timer.c.obj
 .bss.configured_freq
                0x000000002000040c       0x28 CMakeFiles/script.dir/home/stamatisstamatelopoulos1/raspberry-pi-pico/pico/pico-sdk/src/rp2_common/hardware_clocks/clocks.c.obj
 .bss.default_alarm_pool_entry_ids_high
                0x0000000020000434       0x10 CMakeFiles/script.dir/home/stamatisstamatelopoulos1/raspberry-pi-pico/pico/pico-sdk/src/common/pico_time/time.c.obj
 .bss.default_alarm_pool_heap_nodes
                0x0000000020000444       0x30 CMakeFiles/script.dir/home/stamatisstamatelopoulos1/raspberry-pi-pico/pico/pico-sdk/src/common/pico_time/time.c.obj
 .bss.drivers   0x0000000020000474        0x4 CMakeFiles/script.dir/home/stamatisstamatelopoulos1/raspberry-pi-pico/pico/pico-sdk/src/rp2_common/pico_stdio/stdio.c.obj
 .bss.filter    0x0000000020000478        0x4 CMakeFiles/script.dir/home/stamatisstamatelopoulos1/raspberry-pi-pico/pico/pico-sdk/src/rp2_common/pico_stdio/stdio.c.obj
 .bss.pools     0x000000002000047c       0x10 CMakeFiles/script.dir/home/stamatisstamatelopoulos1/raspberry-pi-pico/pico/pico-sdk/src/common/pico_time/time.c.obj
 .bss.sf_clz_func
                0x000000002000048c        0x4 CMakeFiles/script.dir/home/stamatisstamatelopoulos1/raspberry-pi-pico/pico/pico-sdk/src/rp2_common/pico_double/double_init_rom.c.obj
                0x000000002000048c                sf_clz_func
 .bss.sleep_notifier
                0x0000000020000490        0x4 CMakeFiles/script.dir/home/stamatisstamatelopoulos1/raspberry-pi-pico/pico/pico-sdk/src/common/pico_time/time.c.obj
 .bss.target_hi
                0x0000000020000494       0x10 CMakeFiles/script.dir/home/stamatisstamatelopoulos1/raspberry-pi-pico/pico/pico-sdk/src/rp2_common/hardware_timer/timer.c.obj
 .bss.claimed   0x00000000200004a4        0x1 CMakeFiles/script.dir/home/stamatisstamatelopoulos1/raspberry-pi-pico/pico/pico-sdk/src/rp2_common/hardware_timer/timer.c.obj
 .bss.irq_hander_chain_free_slot_head
                0x00000000200004a5        0x1 CMakeFiles/script.dir/home/stamatisstamatelopoulos1/raspberry-pi-pico/pico/pico-sdk/src/rp2_common/hardware_irq/irq.c.obj
 .bss.timer_callbacks_pending
                0x00000000200004a6        0x1 CMakeFiles/script.dir/home/stamatisstamatelopoulos1/raspberry-pi-pico/pico/pico-sdk/src/rp2_common/hardware_timer/timer.c.obj
 *(COMMON)
 *fill*         0x00000000200004a7        0x1 
 COMMON         0x00000000200004a8      0x100 CMakeFiles/script.dir/home/stamatisstamatelopoulos1/raspberry-pi-pico/pico/pico-sdk/src/rp2_common/pico_double/double_init_rom.c.obj
                0x00000000200004a8                sd_table
 COMMON         0x00000000200005a8      0x100 CMakeFiles/script.dir/home/stamatisstamatelopoulos1/raspberry-pi-pico/pico/pico-sdk/src/rp2_common/pico_float/float_init_rom.c.obj
                0x00000000200005a8                sf_table
                0x00000000200006a8                . = ALIGN (0x4)
                0x00000000200006a8                __bss_end__ = .

.heap           0x00000000200006a8      0x800
                0x00000000200006a8                __end__ = .
                0x00000000200006a8                end = __end__
 *(.heap*)
 .heap          0x00000000200006a8      0x800 CMakeFiles/script.dir/home/stamatisstamatelopoulos1/raspberry-pi-pico/pico/pico-sdk/src/rp2_common/pico_standard_link/crt0.S.obj
                0x0000000020000ea8                __HeapLimit = .

.stack1_dummy   0x0000000020040000        0x0
 *(.stack1*)

.stack_dummy    0x0000000020041000      0x800
 *(.stack*)
 .stack         0x0000000020041000      0x800 CMakeFiles/script.dir/home/stamatisstamatelopoulos1/raspberry-pi-pico/pico/pico-sdk/src/rp2_common/pico_standard_link/crt0.S.obj

.flash_end      0x00000000100053f8        0x0
                0x00000000100053f8                __flash_binary_end = .
                0x0000000020040000                __StackLimit = (ORIGIN (RAM) + LENGTH (RAM))
                0x0000000020041000                __StackOneTop = (ORIGIN (SCRATCH_X) + LENGTH (SCRATCH_X))
                0x0000000020042000                __StackTop = (ORIGIN (SCRATCH_Y) + LENGTH (SCRATCH_Y))
                0x0000000020041000                __StackOneBottom = (__StackOneTop - SIZEOF (.stack1_dummy))
                0x0000000020041800                __StackBottom = (__StackTop - SIZEOF (.stack_dummy))
                0x0000000020042000                PROVIDE (__stack = __StackTop)
                0x0000000000000001                ASSERT ((__StackLimit >= __HeapLimit), region RAM overflowed)
                0x0000000000000001                ASSERT (((__binary_info_header_end - __logical_binary_start) <= 0x100), Binary info must be in first 256 bytes of the binary)
LOAD CMakeFiles/script.dir/script.cpp.obj
LOAD CMakeFiles/script.dir/home/stamatisstamatelopoulos1/raspberry-pi-pico/pico/pico-sdk/src/rp2_common/pico_stdlib/stdlib.c.obj
LOAD CMakeFiles/script.dir/home/stamatisstamatelopoulos1/raspberry-pi-pico/pico/pico-sdk/src/rp2_common/hardware_gpio/gpio.c.obj
LOAD CMakeFiles/script.dir/home/stamatisstamatelopoulos1/raspberry-pi-pico/pico/pico-sdk/src/rp2_common/pico_platform/platform.c.obj
LOAD CMakeFiles/script.dir/home/stamatisstamatelopoulos1/raspberry-pi-pico/pico/pico-sdk/src/rp2_common/hardware_claim/claim.c.obj
LOAD CMakeFiles/script.dir/home/stamatisstamatelopoulos1/raspberry-pi-pico/pico/pico-sdk/src/rp2_common/hardware_sync/sync.c.obj
LOAD CMakeFiles/script.dir/home/stamatisstamatelopoulos1/raspberry-pi-pico/pico/pico-sdk/src/rp2_common/hardware_irq/irq.c.obj
LOAD CMakeFiles/script.dir/home/stamatisstamatelopoulos1/raspberry-pi-pico/pico/pico-sdk/src/rp2_common/hardware_irq/irq_handler_chain.S.obj
LOAD CMakeFiles/script.dir/home/stamatisstamatelopoulos1/raspberry-pi-pico/pico/pico-sdk/src/common/pico_sync/sem.c.obj
LOAD CMakeFiles/script.dir/home/stamatisstamatelopoulos1/raspberry-pi-pico/pico/pico-sdk/src/common/pico_sync/lock_core.c.obj
LOAD CMakeFiles/script.dir/home/stamatisstamatelopoulos1/raspberry-pi-pico/pico/pico-sdk/src/common/pico_sync/mutex.c.obj
LOAD CMakeFiles/script.dir/home/stamatisstamatelopoulos1/raspberry-pi-pico/pico/pico-sdk/src/common/pico_sync/critical_section.c.obj
LOAD CMakeFiles/script.dir/home/stamatisstamatelopoulos1/raspberry-pi-pico/pico/pico-sdk/src/common/pico_time/time.c.obj
LOAD CMakeFiles/script.dir/home/stamatisstamatelopoulos1/raspberry-pi-pico/pico/pico-sdk/src/common/pico_time/timeout_helper.c.obj
LOAD CMakeFiles/script.dir/home/stamatisstamatelopoulos1/raspberry-pi-pico/pico/pico-sdk/src/rp2_common/hardware_timer/timer.c.obj
LOAD CMakeFiles/script.dir/home/stamatisstamatelopoulos1/raspberry-pi-pico/pico/pico-sdk/src/common/pico_util/datetime.c.obj
LOAD CMakeFiles/script.dir/home/stamatisstamatelopoulos1/raspberry-pi-pico/pico/pico-sdk/src/common/pico_util/pheap.c.obj
LOAD CMakeFiles/script.dir/home/stamatisstamatelopoulos1/raspberry-pi-pico/pico/pico-sdk/src/common/pico_util/queue.c.obj
LOAD CMakeFiles/script.dir/home/stamatisstamatelopoulos1/raspberry-pi-pico/pico/pico-sdk/src/rp2_common/hardware_uart/uart.c.obj
LOAD CMakeFiles/script.dir/home/stamatisstamatelopoulos1/raspberry-pi-pico/pico/pico-sdk/src/rp2_common/hardware_clocks/clocks.c.obj
LOAD CMakeFiles/script.dir/home/stamatisstamatelopoulos1/raspberry-pi-pico/pico/pico-sdk/src/rp2_common/hardware_pll/pll.c.obj
LOAD CMakeFiles/script.dir/home/stamatisstamatelopoulos1/raspberry-pi-pico/pico/pico-sdk/src/rp2_common/hardware_vreg/vreg.c.obj
LOAD CMakeFiles/script.dir/home/stamatisstamatelopoulos1/raspberry-pi-pico/pico/pico-sdk/src/rp2_common/hardware_watchdog/watchdog.c.obj
LOAD CMakeFiles/script.dir/home/stamatisstamatelopoulos1/raspberry-pi-pico/pico/pico-sdk/src/rp2_common/hardware_xosc/xosc.c.obj
LOAD CMakeFiles/script.dir/home/stamatisstamatelopoulos1/raspberry-pi-pico/pico/pico-sdk/src/rp2_common/hardware_divider/divider.S.obj
LOAD CMakeFiles/script.dir/home/stamatisstamatelopoulos1/raspberry-pi-pico/pico/pico-sdk/src/rp2_common/pico_runtime/runtime.c.obj
LOAD CMakeFiles/script.dir/home/stamatisstamatelopoulos1/raspberry-pi-pico/pico/pico-sdk/src/rp2_common/pico_printf/printf.c.obj
LOAD CMakeFiles/script.dir/home/stamatisstamatelopoulos1/raspberry-pi-pico/pico/pico-sdk/src/rp2_common/pico_bit_ops/bit_ops_aeabi.S.obj
LOAD CMakeFiles/script.dir/home/stamatisstamatelopoulos1/raspberry-pi-pico/pico/pico-sdk/src/rp2_common/pico_bootrom/bootrom.c.obj
LOAD CMakeFiles/script.dir/home/stamatisstamatelopoulos1/raspberry-pi-pico/pico/pico-sdk/src/rp2_common/pico_divider/divider.S.obj
LOAD CMakeFiles/script.dir/home/stamatisstamatelopoulos1/raspberry-pi-pico/pico/pico-sdk/src/rp2_common/pico_double/double_aeabi.S.obj
LOAD CMakeFiles/script.dir/home/stamatisstamatelopoulos1/raspberry-pi-pico/pico/pico-sdk/src/rp2_common/pico_double/double_init_rom.c.obj
LOAD CMakeFiles/script.dir/home/stamatisstamatelopoulos1/raspberry-pi-pico/pico/pico-sdk/src/rp2_common/pico_double/double_math.c.obj
LOAD CMakeFiles/script.dir/home/stamatisstamatelopoulos1/raspberry-pi-pico/pico/pico-sdk/src/rp2_common/pico_double/double_v1_rom_shim.S.obj
LOAD CMakeFiles/script.dir/home/stamatisstamatelopoulos1/raspberry-pi-pico/pico/pico-sdk/src/rp2_common/pico_int64_ops/pico_int64_ops_aeabi.S.obj
LOAD CMakeFiles/script.dir/home/stamatisstamatelopoulos1/raspberry-pi-pico/pico/pico-sdk/src/rp2_common/pico_float/float_aeabi.S.obj
LOAD CMakeFiles/script.dir/home/stamatisstamatelopoulos1/raspberry-pi-pico/pico/pico-sdk/src/rp2_common/pico_float/float_init_rom.c.obj
LOAD CMakeFiles/script.dir/home/stamatisstamatelopoulos1/raspberry-pi-pico/pico/pico-sdk/src/rp2_common/pico_float/float_math.c.obj
LOAD CMakeFiles/script.dir/home/stamatisstamatelopoulos1/raspberry-pi-pico/pico/pico-sdk/src/rp2_common/pico_float/float_v1_rom_shim.S.obj
LOAD CMakeFiles/script.dir/home/stamatisstamatelopoulos1/raspberry-pi-pico/pico/pico-sdk/src/rp2_common/pico_malloc/pico_malloc.c.obj
LOAD CMakeFiles/script.dir/home/stamatisstamatelopoulos1/raspberry-pi-pico/pico/pico-sdk/src/rp2_common/pico_mem_ops/mem_ops_aeabi.S.obj
LOAD CMakeFiles/script.dir/home/stamatisstamatelopoulos1/raspberry-pi-pico/pico/pico-sdk/src/rp2_common/pico_standard_link/crt0.S.obj
LOAD CMakeFiles/script.dir/home/stamatisstamatelopoulos1/raspberry-pi-pico/pico/pico-sdk/src/rp2_common/pico_standard_link/new_delete.cpp.obj
LOAD CMakeFiles/script.dir/home/stamatisstamatelopoulos1/raspberry-pi-pico/pico/pico-sdk/src/rp2_common/pico_standard_link/binary_info.c.obj
LOAD CMakeFiles/script.dir/home/stamatisstamatelopoulos1/raspberry-pi-pico/pico/pico-sdk/src/rp2_common/pico_stdio/stdio.c.obj
LOAD CMakeFiles/script.dir/home/stamatisstamatelopoulos1/raspberry-pi-pico/pico/pico-sdk/src/rp2_common/pico_stdio_uart/stdio_uart.c.obj
LOAD /tmp/ccHoQTAa.o
LOAD /usr/lib/gcc/arm-none-eabi/8.3.1/../../../arm-none-eabi/lib/thumb/v6-m/nofp/libstdc++.a
LOAD /usr/lib/gcc/arm-none-eabi/8.3.1/../../../arm-none-eabi/lib/thumb/v6-m/nofp/libm.a
START GROUP
LOAD /usr/lib/gcc/arm-none-eabi/8.3.1/thumb/v6-m/nofp/libgcc.a
LOAD /usr/lib/gcc/arm-none-eabi/8.3.1/../../../arm-none-eabi/lib/thumb/v6-m/nofp/libg.a
LOAD /usr/lib/gcc/arm-none-eabi/8.3.1/../../../arm-none-eabi/lib/thumb/v6-m/nofp/libc.a
END GROUP
START GROUP
LOAD /usr/lib/gcc/arm-none-eabi/8.3.1/thumb/v6-m/nofp/libgcc.a
LOAD /usr/lib/gcc/arm-none-eabi/8.3.1/../../../arm-none-eabi/lib/thumb/v6-m/nofp/libc.a
LOAD /usr/lib/gcc/arm-none-eabi/8.3.1/../../../arm-none-eabi/lib/thumb/v6-m/nofp/libnosys.a
END GROUP
LOAD /usr/lib/gcc/arm-none-eabi/8.3.1/thumb/v6-m/nofp/crtend.o
LOAD /usr/lib/gcc/arm-none-eabi/8.3.1/thumb/v6-m/nofp/crtn.o
OUTPUT(script.elf elf32-littlearm)
LOAD linker stubs

.ARM.attributes
                0x0000000000000000       0x28
 .ARM.attributes
                0x0000000000000000       0x1e /usr/lib/gcc/arm-none-eabi/8.3.1/thumb/v6-m/nofp/crti.o
 .ARM.attributes
                0x000000000000001e       0x2c /usr/lib/gcc/arm-none-eabi/8.3.1/thumb/v6-m/nofp/crtbegin.o
 .ARM.attributes
                0x000000000000004a       0x2c CMakeFiles/script.dir/script.cpp.obj
 .ARM.attributes
                0x0000000000000076       0x2c CMakeFiles/script.dir/home/stamatisstamatelopoulos1/raspberry-pi-pico/pico/pico-sdk/src/rp2_common/hardware_gpio/gpio.c.obj
 .ARM.attributes
                0x00000000000000a2       0x2c CMakeFiles/script.dir/home/stamatisstamatelopoulos1/raspberry-pi-pico/pico/pico-sdk/src/rp2_common/pico_platform/platform.c.obj
 .ARM.attributes
                0x00000000000000ce       0x2c CMakeFiles/script.dir/home/stamatisstamatelopoulos1/raspberry-pi-pico/pico/pico-sdk/src/rp2_common/hardware_claim/claim.c.obj
 .ARM.attributes
                0x00000000000000fa       0x2c CMakeFiles/script.dir/home/stamatisstamatelopoulos1/raspberry-pi-pico/pico/pico-sdk/src/rp2_common/hardware_sync/sync.c.obj
 .ARM.attributes
                0x0000000000000126       0x2c CMakeFiles/script.dir/home/stamatisstamatelopoulos1/raspberry-pi-pico/pico/pico-sdk/src/rp2_common/hardware_irq/irq.c.obj
 .ARM.attributes
                0x0000000000000152       0x22 CMakeFiles/script.dir/home/stamatisstamatelopoulos1/raspberry-pi-pico/pico/pico-sdk/src/rp2_common/hardware_irq/irq_handler_chain.S.obj
 .ARM.attributes
                0x0000000000000174       0x2c CMakeFiles/script.dir/home/stamatisstamatelopoulos1/raspberry-pi-pico/pico/pico-sdk/src/common/pico_sync/lock_core.c.obj
 .ARM.attributes
                0x00000000000001a0       0x2c CMakeFiles/script.dir/home/stamatisstamatelopoulos1/raspberry-pi-pico/pico/pico-sdk/src/common/pico_sync/mutex.c.obj
 .ARM.attributes
                0x00000000000001cc       0x2c CMakeFiles/script.dir/home/stamatisstamatelopoulos1/raspberry-pi-pico/pico/pico-sdk/src/common/pico_time/time.c.obj
 .ARM.attributes
                0x00000000000001f8       0x2c CMakeFiles/script.dir/home/stamatisstamatelopoulos1/raspberry-pi-pico/pico/pico-sdk/src/rp2_common/hardware_timer/timer.c.obj
 .ARM.attributes
                0x0000000000000224       0x2c CMakeFiles/script.dir/home/stamatisstamatelopoulos1/raspberry-pi-pico/pico/pico-sdk/src/common/pico_util/pheap.c.obj
 .ARM.attributes
                0x0000000000000250       0x2c CMakeFiles/script.dir/home/stamatisstamatelopoulos1/raspberry-pi-pico/pico/pico-sdk/src/rp2_common/hardware_clocks/clocks.c.obj
 .ARM.attributes
                0x000000000000027c       0x2c CMakeFiles/script.dir/home/stamatisstamatelopoulos1/raspberry-pi-pico/pico/pico-sdk/src/rp2_common/hardware_pll/pll.c.obj
 .ARM.attributes
                0x00000000000002a8       0x2c CMakeFiles/script.dir/home/stamatisstamatelopoulos1/raspberry-pi-pico/pico/pico-sdk/src/rp2_common/hardware_watchdog/watchdog.c.obj
 .ARM.attributes
                0x00000000000002d4       0x2c CMakeFiles/script.dir/home/stamatisstamatelopoulos1/raspberry-pi-pico/pico/pico-sdk/src/rp2_common/hardware_xosc/xosc.c.obj
 .ARM.attributes
                0x0000000000000300       0x2c CMakeFiles/script.dir/home/stamatisstamatelopoulos1/raspberry-pi-pico/pico/pico-sdk/src/rp2_common/pico_runtime/runtime.c.obj
 .ARM.attributes
                0x000000000000032c       0x2c CMakeFiles/script.dir/home/stamatisstamatelopoulos1/raspberry-pi-pico/pico/pico-sdk/src/rp2_common/pico_printf/printf.c.obj
 .ARM.attributes
                0x0000000000000358       0x22 CMakeFiles/script.dir/home/stamatisstamatelopoulos1/raspberry-pi-pico/pico/pico-sdk/src/rp2_common/pico_bit_ops/bit_ops_aeabi.S.obj
 .ARM.attributes
                0x000000000000037a       0x2c CMakeFiles/script.dir/home/stamatisstamatelopoulos1/raspberry-pi-pico/pico/pico-sdk/src/rp2_common/pico_bootrom/bootrom.c.obj
 .ARM.attributes
                0x00000000000003a6       0x22 CMakeFiles/script.dir/home/stamatisstamatelopoulos1/raspberry-pi-pico/pico/pico-sdk/src/rp2_common/pico_divider/divider.S.obj
 .ARM.attributes
                0x00000000000003c8       0x22 CMakeFiles/script.dir/home/stamatisstamatelopoulos1/raspberry-pi-pico/pico/pico-sdk/src/rp2_common/pico_double/double_aeabi.S.obj
 .ARM.attributes
                0x00000000000003ea       0x2c CMakeFiles/script.dir/home/stamatisstamatelopoulos1/raspberry-pi-pico/pico/pico-sdk/src/rp2_common/pico_double/double_init_rom.c.obj
 .ARM.attributes
                0x0000000000000416       0x22 CMakeFiles/script.dir/home/stamatisstamatelopoulos1/raspberry-pi-pico/pico/pico-sdk/src/rp2_common/pico_double/double_v1_rom_shim.S.obj
 .ARM.attributes
                0x0000000000000438       0x22 CMakeFiles/script.dir/home/stamatisstamatelopoulos1/raspberry-pi-pico/pico/pico-sdk/src/rp2_common/pico_float/float_aeabi.S.obj
 .ARM.attributes
                0x000000000000045a       0x2c CMakeFiles/script.dir/home/stamatisstamatelopoulos1/raspberry-pi-pico/pico/pico-sdk/src/rp2_common/pico_float/float_init_rom.c.obj
 .ARM.attributes
                0x0000000000000486       0x22 CMakeFiles/script.dir/home/stamatisstamatelopoulos1/raspberry-pi-pico/pico/pico-sdk/src/rp2_common/pico_float/float_v1_rom_shim.S.obj
 .ARM.attributes
                0x00000000000004a8       0x22 CMakeFiles/script.dir/home/stamatisstamatelopoulos1/raspberry-pi-pico/pico/pico-sdk/src/rp2_common/pico_mem_ops/mem_ops_aeabi.S.obj
 .ARM.attributes
                0x00000000000004ca       0x22 CMakeFiles/script.dir/home/stamatisstamatelopoulos1/raspberry-pi-pico/pico/pico-sdk/src/rp2_common/pico_standard_link/crt0.S.obj
 .ARM.attributes
                0x00000000000004ec       0x32 CMakeFiles/script.dir/home/stamatisstamatelopoulos1/raspberry-pi-pico/pico/pico-sdk/src/rp2_common/pico_standard_link/binary_info.c.obj
 .ARM.attributes
                0x000000000000051e       0x2c CMakeFiles/script.dir/home/stamatisstamatelopoulos1/raspberry-pi-pico/pico/pico-sdk/src/rp2_common/pico_stdio/stdio.c.obj
 .ARM.attributes
                0x000000000000054a       0x22 /tmp/ccHoQTAa.o
 .ARM.attributes
                0x000000000000056c       0x1e /usr/lib/gcc/arm-none-eabi/8.3.1/thumb/v6-m/nofp/libgcc.a(_dvmd_tls.o)
 .ARM.attributes
                0x000000000000058a       0x2c /usr/lib/gcc/arm-none-eabi/8.3.1/../../../arm-none-eabi/lib/thumb/v6-m/nofp/libg.a(lib_a-strlen-stub.o)
 .ARM.attributes
                0x00000000000005b6       0x2c /usr/lib/gcc/arm-none-eabi/8.3.1/thumb/v6-m/nofp/crtend.o

.comment        0x0000000000000000       0x9f
 .comment       0x0000000000000000       0x51 /usr/lib/gcc/arm-none-eabi/8.3.1/thumb/v6-m/nofp/crtbegin.o
                                         0x52 (size before relaxing)
 .comment       0x0000000000000051       0x52 CMakeFiles/script.dir/script.cpp.obj
 .comment       0x0000000000000051       0x52 CMakeFiles/script.dir/home/stamatisstamatelopoulos1/raspberry-pi-pico/pico/pico-sdk/src/rp2_common/hardware_gpio/gpio.c.obj
 .comment       0x0000000000000051       0x52 CMakeFiles/script.dir/home/stamatisstamatelopoulos1/raspberry-pi-pico/pico/pico-sdk/src/rp2_common/pico_platform/platform.c.obj
 .comment       0x0000000000000051       0x52 CMakeFiles/script.dir/home/stamatisstamatelopoulos1/raspberry-pi-pico/pico/pico-sdk/src/rp2_common/hardware_claim/claim.c.obj
 .comment       0x0000000000000051       0x52 CMakeFiles/script.dir/home/stamatisstamatelopoulos1/raspberry-pi-pico/pico/pico-sdk/src/rp2_common/hardware_sync/sync.c.obj
 .comment       0x0000000000000051       0x52 CMakeFiles/script.dir/home/stamatisstamatelopoulos1/raspberry-pi-pico/pico/pico-sdk/src/rp2_common/hardware_irq/irq.c.obj
 .comment       0x0000000000000051       0x52 CMakeFiles/script.dir/home/stamatisstamatelopoulos1/raspberry-pi-pico/pico/pico-sdk/src/common/pico_sync/lock_core.c.obj
 .comment       0x0000000000000051       0x52 CMakeFiles/script.dir/home/stamatisstamatelopoulos1/raspberry-pi-pico/pico/pico-sdk/src/common/pico_sync/mutex.c.obj
 .comment       0x0000000000000051       0x52 CMakeFiles/script.dir/home/stamatisstamatelopoulos1/raspberry-pi-pico/pico/pico-sdk/src/common/pico_time/time.c.obj
 .comment       0x0000000000000051       0x52 CMakeFiles/script.dir/home/stamatisstamatelopoulos1/raspberry-pi-pico/pico/pico-sdk/src/rp2_common/hardware_timer/timer.c.obj
 .comment       0x0000000000000051       0x52 CMakeFiles/script.dir/home/stamatisstamatelopoulos1/raspberry-pi-pico/pico/pico-sdk/src/common/pico_util/pheap.c.obj
 .comment       0x0000000000000051       0x52 CMakeFiles/script.dir/home/stamatisstamatelopoulos1/raspberry-pi-pico/pico/pico-sdk/src/rp2_common/hardware_clocks/clocks.c.obj
 .comment       0x0000000000000051       0x52 CMakeFiles/script.dir/home/stamatisstamatelopoulos1/raspberry-pi-pico/pico/pico-sdk/src/rp2_common/hardware_pll/pll.c.obj
 .comment       0x0000000000000051       0x52 CMakeFiles/script.dir/home/stamatisstamatelopoulos1/raspberry-pi-pico/pico/pico-sdk/src/rp2_common/hardware_watchdog/watchdog.c.obj
 .comment       0x0000000000000051       0x52 CMakeFiles/script.dir/home/stamatisstamatelopoulos1/raspberry-pi-pico/pico/pico-sdk/src/rp2_common/hardware_xosc/xosc.c.obj
 .comment       0x0000000000000051       0x52 CMakeFiles/script.dir/home/stamatisstamatelopoulos1/raspberry-pi-pico/pico/pico-sdk/src/rp2_common/pico_runtime/runtime.c.obj
 .comment       0x0000000000000051       0x52 CMakeFiles/script.dir/home/stamatisstamatelopoulos1/raspberry-pi-pico/pico/pico-sdk/src/rp2_common/pico_printf/printf.c.obj
 .comment       0x0000000000000051       0x52 CMakeFiles/script.dir/home/stamatisstamatelopoulos1/raspberry-pi-pico/pico/pico-sdk/src/rp2_common/pico_bootrom/bootrom.c.obj
 .comment       0x0000000000000051       0x52 CMakeFiles/script.dir/home/stamatisstamatelopoulos1/raspberry-pi-pico/pico/pico-sdk/src/rp2_common/pico_double/double_init_rom.c.obj
 .comment       0x0000000000000051       0x52 CMakeFiles/script.dir/home/stamatisstamatelopoulos1/raspberry-pi-pico/pico/pico-sdk/src/rp2_common/pico_float/float_init_rom.c.obj
 .comment       0x0000000000000051       0x52 CMakeFiles/script.dir/home/stamatisstamatelopoulos1/raspberry-pi-pico/pico/pico-sdk/src/rp2_common/pico_standard_link/binary_info.c.obj
 .comment       0x0000000000000051       0x52 CMakeFiles/script.dir/home/stamatisstamatelopoulos1/raspberry-pi-pico/pico/pico-sdk/src/rp2_common/pico_stdio/stdio.c.obj
 .comment       0x0000000000000051       0x4e /usr/lib/gcc/arm-none-eabi/8.3.1/../../../arm-none-eabi/lib/thumb/v6-m/nofp/libg.a(lib_a-strlen-stub.o)
                                         0x4f (size before relaxing)
 .comment       0x000000000000009f       0x52 /usr/lib/gcc/arm-none-eabi/8.3.1/thumb/v6-m/nofp/crtend.o

.debug_info     0x0000000000000000    0x18fdd
 .debug_info    0x0000000000000000     0x1018 CMakeFiles/script.dir/script.cpp.obj
 .debug_info    0x0000000000001018     0x16a6 CMakeFiles/script.dir/home/stamatisstamatelopoulos1/raspberry-pi-pico/pico/pico-sdk/src/rp2_common/hardware_gpio/gpio.c.obj
 .debug_info    0x00000000000026be      0x1cb CMakeFiles/script.dir/home/stamatisstamatelopoulos1/raspberry-pi-pico/pico/pico-sdk/src/rp2_common/pico_platform/platform.c.obj
 .debug_info    0x0000000000002889      0x6a8 CMakeFiles/script.dir/home/stamatisstamatelopoulos1/raspberry-pi-pico/pico/pico-sdk/src/rp2_common/hardware_claim/claim.c.obj
 .debug_info    0x0000000000002f31      0x591 CMakeFiles/script.dir/home/stamatisstamatelopoulos1/raspberry-pi-pico/pico/pico-sdk/src/rp2_common/hardware_sync/sync.c.obj
 .debug_info    0x00000000000034c2     0x1cf8 CMakeFiles/script.dir/home/stamatisstamatelopoulos1/raspberry-pi-pico/pico/pico-sdk/src/rp2_common/hardware_irq/irq.c.obj
 .debug_info    0x00000000000051ba       0x26 CMakeFiles/script.dir/home/stamatisstamatelopoulos1/raspberry-pi-pico/pico/pico-sdk/src/rp2_common/hardware_irq/irq_handler_chain.S.obj
 .debug_info    0x00000000000051e0      0x1ed CMakeFiles/script.dir/home/stamatisstamatelopoulos1/raspberry-pi-pico/pico/pico-sdk/src/common/pico_sync/lock_core.c.obj
 .debug_info    0x00000000000053cd     0x20e6 CMakeFiles/script.dir/home/stamatisstamatelopoulos1/raspberry-pi-pico/pico/pico-sdk/src/common/pico_sync/mutex.c.obj
 .debug_info    0x00000000000074b3     0x493d CMakeFiles/script.dir/home/stamatisstamatelopoulos1/raspberry-pi-pico/pico/pico-sdk/src/common/pico_time/time.c.obj
 .debug_info    0x000000000000bdf0     0x13aa CMakeFiles/script.dir/home/stamatisstamatelopoulos1/raspberry-pi-pico/pico/pico-sdk/src/rp2_common/hardware_timer/timer.c.obj
 .debug_info    0x000000000000d19a     0x1ada CMakeFiles/script.dir/home/stamatisstamatelopoulos1/raspberry-pi-pico/pico/pico-sdk/src/common/pico_util/pheap.c.obj
 .debug_info    0x000000000000ec74      0xf07 CMakeFiles/script.dir/home/stamatisstamatelopoulos1/raspberry-pi-pico/pico/pico-sdk/src/rp2_common/hardware_clocks/clocks.c.obj
 .debug_info    0x000000000000fb7b      0x4e8 CMakeFiles/script.dir/home/stamatisstamatelopoulos1/raspberry-pi-pico/pico/pico-sdk/src/rp2_common/hardware_pll/pll.c.obj
 .debug_info    0x0000000000010063      0xd7d CMakeFiles/script.dir/home/stamatisstamatelopoulos1/raspberry-pi-pico/pico/pico-sdk/src/rp2_common/hardware_watchdog/watchdog.c.obj
 .debug_info    0x0000000000010de0      0x1b8 CMakeFiles/script.dir/home/stamatisstamatelopoulos1/raspberry-pi-pico/pico/pico-sdk/src/rp2_common/hardware_xosc/xosc.c.obj
 .debug_info    0x0000000000010f98     0x18fe CMakeFiles/script.dir/home/stamatisstamatelopoulos1/raspberry-pi-pico/pico/pico-sdk/src/rp2_common/pico_runtime/runtime.c.obj
 .debug_info    0x0000000000012896     0x2032 CMakeFiles/script.dir/home/stamatisstamatelopoulos1/raspberry-pi-pico/pico/pico-sdk/src/rp2_common/pico_printf/printf.c.obj
 .debug_info    0x00000000000148c8       0x22 CMakeFiles/script.dir/home/stamatisstamatelopoulos1/raspberry-pi-pico/pico/pico-sdk/src/rp2_common/pico_bit_ops/bit_ops_aeabi.S.obj
 .debug_info    0x00000000000148ea      0x262 CMakeFiles/script.dir/home/stamatisstamatelopoulos1/raspberry-pi-pico/pico/pico-sdk/src/rp2_common/pico_bootrom/bootrom.c.obj
 .debug_info    0x0000000000014b4c       0x22 CMakeFiles/script.dir/home/stamatisstamatelopoulos1/raspberry-pi-pico/pico/pico-sdk/src/rp2_common/pico_divider/divider.S.obj
 .debug_info    0x0000000000014b6e       0x22 CMakeFiles/script.dir/home/stamatisstamatelopoulos1/raspberry-pi-pico/pico/pico-sdk/src/rp2_common/pico_double/double_aeabi.S.obj
 .debug_info    0x0000000000014b90      0xb2a CMakeFiles/script.dir/home/stamatisstamatelopoulos1/raspberry-pi-pico/pico/pico-sdk/src/rp2_common/pico_double/double_init_rom.c.obj
 .debug_info    0x00000000000156ba       0x22 CMakeFiles/script.dir/home/stamatisstamatelopoulos1/raspberry-pi-pico/pico/pico-sdk/src/rp2_common/pico_double/double_v1_rom_shim.S.obj
 .debug_info    0x00000000000156dc       0x22 CMakeFiles/script.dir/home/stamatisstamatelopoulos1/raspberry-pi-pico/pico/pico-sdk/src/rp2_common/pico_float/float_aeabi.S.obj
 .debug_info    0x00000000000156fe      0xb44 CMakeFiles/script.dir/home/stamatisstamatelopoulos1/raspberry-pi-pico/pico/pico-sdk/src/rp2_common/pico_float/float_init_rom.c.obj
 .debug_info    0x0000000000016242       0x22 CMakeFiles/script.dir/home/stamatisstamatelopoulos1/raspberry-pi-pico/pico/pico-sdk/src/rp2_common/pico_float/float_v1_rom_shim.S.obj
 .debug_info    0x0000000000016264       0x22 CMakeFiles/script.dir/home/stamatisstamatelopoulos1/raspberry-pi-pico/pico/pico-sdk/src/rp2_common/pico_mem_ops/mem_ops_aeabi.S.obj
 .debug_info    0x0000000000016286       0x22 CMakeFiles/script.dir/home/stamatisstamatelopoulos1/raspberry-pi-pico/pico/pico-sdk/src/rp2_common/pico_standard_link/crt0.S.obj
 .debug_info    0x00000000000162a8      0x2c6 CMakeFiles/script.dir/home/stamatisstamatelopoulos1/raspberry-pi-pico/pico/pico-sdk/src/rp2_common/pico_standard_link/binary_info.c.obj
 .debug_info    0x000000000001656e     0x20d6 CMakeFiles/script.dir/home/stamatisstamatelopoulos1/raspberry-pi-pico/pico/pico-sdk/src/rp2_common/pico_stdio/stdio.c.obj
 .debug_info    0x0000000000018644       0x26 /usr/lib/gcc/arm-none-eabi/8.3.1/thumb/v6-m/nofp/libgcc.a(_dvmd_tls.o)
 .debug_info    0x000000000001866a      0x973 /usr/lib/gcc/arm-none-eabi/8.3.1/../../../arm-none-eabi/lib/thumb/v6-m/nofp/libg.a(lib_a-strlen-stub.o)

.debug_abbrev   0x0000000000000000     0x49f5
 .debug_abbrev  0x0000000000000000      0x532 CMakeFiles/script.dir/script.cpp.obj
 .debug_abbrev  0x0000000000000532      0x342 CMakeFiles/script.dir/home/stamatisstamatelopoulos1/raspberry-pi-pico/pico/pico-sdk/src/rp2_common/hardware_gpio/gpio.c.obj
 .debug_abbrev  0x0000000000000874       0xeb CMakeFiles/script.dir/home/stamatisstamatelopoulos1/raspberry-pi-pico/pico/pico-sdk/src/rp2_common/pico_platform/platform.c.obj
 .debug_abbrev  0x000000000000095f      0x2fb CMakeFiles/script.dir/home/stamatisstamatelopoulos1/raspberry-pi-pico/pico/pico-sdk/src/rp2_common/hardware_claim/claim.c.obj
 .debug_abbrev  0x0000000000000c5a      0x224 CMakeFiles/script.dir/home/stamatisstamatelopoulos1/raspberry-pi-pico/pico/pico-sdk/src/rp2_common/hardware_sync/sync.c.obj
 .debug_abbrev  0x0000000000000e7e      0x4ff CMakeFiles/script.dir/home/stamatisstamatelopoulos1/raspberry-pi-pico/pico/pico-sdk/src/rp2_common/hardware_irq/irq.c.obj
 .debug_abbrev  0x000000000000137d       0x14 CMakeFiles/script.dir/home/stamatisstamatelopoulos1/raspberry-pi-pico/pico/pico-sdk/src/rp2_common/hardware_irq/irq_handler_chain.S.obj
 .debug_abbrev  0x0000000000001391      0x141 CMakeFiles/script.dir/home/stamatisstamatelopoulos1/raspberry-pi-pico/pico/pico-sdk/src/common/pico_sync/lock_core.c.obj
 .debug_abbrev  0x00000000000014d2      0x3b3 CMakeFiles/script.dir/home/stamatisstamatelopoulos1/raspberry-pi-pico/pico/pico-sdk/src/common/pico_sync/mutex.c.obj
 .debug_abbrev  0x0000000000001885      0x65e CMakeFiles/script.dir/home/stamatisstamatelopoulos1/raspberry-pi-pico/pico/pico-sdk/src/common/pico_time/time.c.obj
 .debug_abbrev  0x0000000000001ee3      0x3c7 CMakeFiles/script.dir/home/stamatisstamatelopoulos1/raspberry-pi-pico/pico/pico-sdk/src/rp2_common/hardware_timer/timer.c.obj
 .debug_abbrev  0x00000000000022aa      0x3ad CMakeFiles/script.dir/home/stamatisstamatelopoulos1/raspberry-pi-pico/pico/pico-sdk/src/common/pico_util/pheap.c.obj
 .debug_abbrev  0x0000000000002657      0x3c8 CMakeFiles/script.dir/home/stamatisstamatelopoulos1/raspberry-pi-pico/pico/pico-sdk/src/rp2_common/hardware_clocks/clocks.c.obj
 .debug_abbrev  0x0000000000002a1f      0x1ee CMakeFiles/script.dir/home/stamatisstamatelopoulos1/raspberry-pi-pico/pico/pico-sdk/src/rp2_common/hardware_pll/pll.c.obj
 .debug_abbrev  0x0000000000002c0d      0x2d8 CMakeFiles/script.dir/home/stamatisstamatelopoulos1/raspberry-pi-pico/pico/pico-sdk/src/rp2_common/hardware_watchdog/watchdog.c.obj
 .debug_abbrev  0x0000000000002ee5      0x106 CMakeFiles/script.dir/home/stamatisstamatelopoulos1/raspberry-pi-pico/pico/pico-sdk/src/rp2_common/hardware_xosc/xosc.c.obj
 .debug_abbrev  0x0000000000002feb      0x5cb CMakeFiles/script.dir/home/stamatisstamatelopoulos1/raspberry-pi-pico/pico/pico-sdk/src/rp2_common/pico_runtime/runtime.c.obj
 .debug_abbrev  0x00000000000035b6      0x4aa CMakeFiles/script.dir/home/stamatisstamatelopoulos1/raspberry-pi-pico/pico/pico-sdk/src/rp2_common/pico_printf/printf.c.obj
 .debug_abbrev  0x0000000000003a60       0x12 CMakeFiles/script.dir/home/stamatisstamatelopoulos1/raspberry-pi-pico/pico/pico-sdk/src/rp2_common/pico_bit_ops/bit_ops_aeabi.S.obj
 .debug_abbrev  0x0000000000003a72      0x144 CMakeFiles/script.dir/home/stamatisstamatelopoulos1/raspberry-pi-pico/pico/pico-sdk/src/rp2_common/pico_bootrom/bootrom.c.obj
 .debug_abbrev  0x0000000000003bb6       0x12 CMakeFiles/script.dir/home/stamatisstamatelopoulos1/raspberry-pi-pico/pico/pico-sdk/src/rp2_common/pico_divider/divider.S.obj
 .debug_abbrev  0x0000000000003bc8       0x12 CMakeFiles/script.dir/home/stamatisstamatelopoulos1/raspberry-pi-pico/pico/pico-sdk/src/rp2_common/pico_double/double_aeabi.S.obj
 .debug_abbrev  0x0000000000003bda      0x2c2 CMakeFiles/script.dir/home/stamatisstamatelopoulos1/raspberry-pi-pico/pico/pico-sdk/src/rp2_common/pico_double/double_init_rom.c.obj
 .debug_abbrev  0x0000000000003e9c       0x12 CMakeFiles/script.dir/home/stamatisstamatelopoulos1/raspberry-pi-pico/pico/pico-sdk/src/rp2_common/pico_double/double_v1_rom_shim.S.obj